Archive member included to satisfy reference by file (symbol)

/home/cspl/.local/xPacks/@xpack-dev-tools/arm-none-eabi-gcc/10.2.1-1.1.2/.content/bin/../lib/gcc/arm-none-eabi/10.2.1/../../../../arm-none-eabi/lib/thumb/v7e-m+fp/hard/libg_nano.a(lib_a-atoi.o)
                              objdir/simpleserial-main.o (atoi)
/home/cspl/.local/xPacks/@xpack-dev-tools/arm-none-eabi-gcc/10.2.1-1.1.2/.content/bin/../lib/gcc/arm-none-eabi/10.2.1/../../../../arm-none-eabi/lib/thumb/v7e-m+fp/hard/libg_nano.a(lib_a-errno.o)
                              objdir/stm32f3_sysmem.o (__errno)
/home/cspl/.local/xPacks/@xpack-dev-tools/arm-none-eabi-gcc/10.2.1-1.1.2/.content/bin/../lib/gcc/arm-none-eabi/10.2.1/../../../../arm-none-eabi/lib/thumb/v7e-m+fp/hard/libg_nano.a(lib_a-exit.o)
                              /home/cspl/.local/xPacks/@xpack-dev-tools/arm-none-eabi-gcc/10.2.1-1.1.2/.content/bin/../lib/gcc/arm-none-eabi/10.2.1/../../../../arm-none-eabi/lib/thumb/v7e-m+fp/hard/crt0.o (exit)
/home/cspl/.local/xPacks/@xpack-dev-tools/arm-none-eabi-gcc/10.2.1-1.1.2/.content/bin/../lib/gcc/arm-none-eabi/10.2.1/../../../../arm-none-eabi/lib/thumb/v7e-m+fp/hard/libg_nano.a(lib_a-impure.o)
                              /home/cspl/.local/xPacks/@xpack-dev-tools/arm-none-eabi-gcc/10.2.1-1.1.2/.content/bin/../lib/gcc/arm-none-eabi/10.2.1/../../../../arm-none-eabi/lib/thumb/v7e-m+fp/hard/libg_nano.a(lib_a-exit.o) (_global_impure_ptr)
/home/cspl/.local/xPacks/@xpack-dev-tools/arm-none-eabi-gcc/10.2.1-1.1.2/.content/bin/../lib/gcc/arm-none-eabi/10.2.1/../../../../arm-none-eabi/lib/thumb/v7e-m+fp/hard/libg_nano.a(lib_a-init.o)
                              /home/cspl/.local/xPacks/@xpack-dev-tools/arm-none-eabi-gcc/10.2.1-1.1.2/.content/bin/../lib/gcc/arm-none-eabi/10.2.1/../../../../arm-none-eabi/lib/thumb/v7e-m+fp/hard/crt0.o (__libc_init_array)
/home/cspl/.local/xPacks/@xpack-dev-tools/arm-none-eabi-gcc/10.2.1-1.1.2/.content/bin/../lib/gcc/arm-none-eabi/10.2.1/../../../../arm-none-eabi/lib/thumb/v7e-m+fp/hard/libg_nano.a(lib_a-malloc.o)
                              objdir/simpleserial-main.o (malloc)
/home/cspl/.local/xPacks/@xpack-dev-tools/arm-none-eabi-gcc/10.2.1-1.1.2/.content/bin/../lib/gcc/arm-none-eabi/10.2.1/../../../../arm-none-eabi/lib/thumb/v7e-m+fp/hard/libg_nano.a(lib_a-memset.o)
                              /home/cspl/.local/xPacks/@xpack-dev-tools/arm-none-eabi-gcc/10.2.1-1.1.2/.content/bin/../lib/gcc/arm-none-eabi/10.2.1/../../../../arm-none-eabi/lib/thumb/v7e-m+fp/hard/crt0.o (memset)
/home/cspl/.local/xPacks/@xpack-dev-tools/arm-none-eabi-gcc/10.2.1-1.1.2/.content/bin/../lib/gcc/arm-none-eabi/10.2.1/../../../../arm-none-eabi/lib/thumb/v7e-m+fp/hard/libg_nano.a(lib_a-nano-freer.o)
                              /home/cspl/.local/xPacks/@xpack-dev-tools/arm-none-eabi-gcc/10.2.1-1.1.2/.content/bin/../lib/gcc/arm-none-eabi/10.2.1/../../../../arm-none-eabi/lib/thumb/v7e-m+fp/hard/libg_nano.a(lib_a-malloc.o) (_free_r)
/home/cspl/.local/xPacks/@xpack-dev-tools/arm-none-eabi-gcc/10.2.1-1.1.2/.content/bin/../lib/gcc/arm-none-eabi/10.2.1/../../../../arm-none-eabi/lib/thumb/v7e-m+fp/hard/libg_nano.a(lib_a-nano-mallocr.o)
                              /home/cspl/.local/xPacks/@xpack-dev-tools/arm-none-eabi-gcc/10.2.1-1.1.2/.content/bin/../lib/gcc/arm-none-eabi/10.2.1/../../../../arm-none-eabi/lib/thumb/v7e-m+fp/hard/libg_nano.a(lib_a-malloc.o) (_malloc_r)
/home/cspl/.local/xPacks/@xpack-dev-tools/arm-none-eabi-gcc/10.2.1-1.1.2/.content/bin/../lib/gcc/arm-none-eabi/10.2.1/../../../../arm-none-eabi/lib/thumb/v7e-m+fp/hard/libg_nano.a(lib_a-sbrkr.o)
                              /home/cspl/.local/xPacks/@xpack-dev-tools/arm-none-eabi-gcc/10.2.1-1.1.2/.content/bin/../lib/gcc/arm-none-eabi/10.2.1/../../../../arm-none-eabi/lib/thumb/v7e-m+fp/hard/libg_nano.a(lib_a-nano-mallocr.o) (_sbrk_r)
/home/cspl/.local/xPacks/@xpack-dev-tools/arm-none-eabi-gcc/10.2.1-1.1.2/.content/bin/../lib/gcc/arm-none-eabi/10.2.1/../../../../arm-none-eabi/lib/thumb/v7e-m+fp/hard/libg_nano.a(lib_a-strtok.o)
                              objdir/simpleserial-main.o (strtok)
/home/cspl/.local/xPacks/@xpack-dev-tools/arm-none-eabi-gcc/10.2.1-1.1.2/.content/bin/../lib/gcc/arm-none-eabi/10.2.1/../../../../arm-none-eabi/lib/thumb/v7e-m+fp/hard/libg_nano.a(lib_a-strtok_r.o)
                              /home/cspl/.local/xPacks/@xpack-dev-tools/arm-none-eabi-gcc/10.2.1-1.1.2/.content/bin/../lib/gcc/arm-none-eabi/10.2.1/../../../../arm-none-eabi/lib/thumb/v7e-m+fp/hard/libg_nano.a(lib_a-strtok.o) (__strtok_r)
/home/cspl/.local/xPacks/@xpack-dev-tools/arm-none-eabi-gcc/10.2.1-1.1.2/.content/bin/../lib/gcc/arm-none-eabi/10.2.1/../../../../arm-none-eabi/lib/thumb/v7e-m+fp/hard/libg_nano.a(lib_a-strtol.o)
                              /home/cspl/.local/xPacks/@xpack-dev-tools/arm-none-eabi-gcc/10.2.1-1.1.2/.content/bin/../lib/gcc/arm-none-eabi/10.2.1/../../../../arm-none-eabi/lib/thumb/v7e-m+fp/hard/libg_nano.a(lib_a-atoi.o) (_strtol_r)
[...]
Memory Configuration

Name             Origin             Length             Attributes
RAM              0x0000000020000000 0x0000000000003000 xrw
ROM              0x0000000008000000 0x0000000000010000 xr
*default*        0x0000000000000000 0xffffffffffffffff

Linker script and memory map

LOAD /home/cspl/.local/xPacks/@xpack-dev-tools/arm-none-eabi-gcc/10.2.1-1.1.2/.content/bin/../lib/gcc/arm-none-eabi/10.2.1/thumb/v7e-m+fp/hard/crti.o
LOAD /home/cspl/.local/xPacks/@xpack-dev-tools/arm-none-eabi-gcc/10.2.1-1.1.2/.content/bin/../lib/gcc/arm-none-eabi/10.2.1/thumb/v7e-m+fp/hard/crtbegin.o
LOAD /home/cspl/.local/xPacks/@xpack-dev-tools/arm-none-eabi-gcc/10.2.1-1.1.2/.content/bin/../lib/gcc/arm-none-eabi/10.2.1/../../../../arm-none-eabi/lib/thumb/v7e-m+fp/hard/crt0.o
LOAD objdir/simpleserial-main.o
LOAD objdir/simpleserial.o
LOAD objdir/stm32f3_hal.o
LOAD objdir/stm32f3_hal_lowlevel.o
LOAD objdir/stm32f3_sysmem.o
LOAD objdir/stm32f3_startup.o
LOAD /home/cspl/.local/xPacks/@xpack-dev-tools/arm-none-eabi-gcc/10.2.1-1.1.2/.content/bin/../lib/gcc/arm-none-eabi/10.2.1/../../../../arm-none-eabi/lib/thumb/v7e-m+fp/hard/libm.a
START GROUP
LOAD /home/cspl/.local/xPacks/@xpack-dev-tools/arm-none-eabi-gcc/10.2.1-1.1.2/.content/bin/../lib/gcc/arm-none-eabi/10.2.1/thumb/v7e-m+fp/hard/libgcc.a
LOAD /home/cspl/.local/xPacks/@xpack-dev-tools/arm-none-eabi-gcc/10.2.1-1.1.2/.content/bin/../lib/gcc/arm-none-eabi/10.2.1/../../../../arm-none-eabi/lib/thumb/v7e-m+fp/hard/libg_nano.a
LOAD /home/cspl/.local/xPacks/@xpack-dev-tools/arm-none-eabi-gcc/10.2.1-1.1.2/.content/bin/../lib/gcc/arm-none-eabi/10.2.1/../../../../arm-none-eabi/lib/thumb/v7e-m+fp/hard/libc_nano.a
END GROUP
START GROUP
LOAD /home/cspl/.local/xPacks/@xpack-dev-tools/arm-none-eabi-gcc/10.2.1-1.1.2/.content/bin/../lib/gcc/arm-none-eabi/10.2.1/thumb/v7e-m+fp/hard/libgcc.a
LOAD /home/cspl/.local/xPacks/@xpack-dev-tools/arm-none-eabi-gcc/10.2.1-1.1.2/.content/bin/../lib/gcc/arm-none-eabi/10.2.1/../../../../arm-none-eabi/lib/thumb/v7e-m+fp/hard/libc_nano.a
LOAD /home/cspl/.local/xPacks/@xpack-dev-tools/arm-none-eabi-gcc/10.2.1-1.1.2/.content/bin/../lib/gcc/arm-none-eabi/10.2.1/../../../../arm-none-eabi/lib/thumb/v7e-m+fp/hard/libnosys.a
END GROUP
START GROUP
LOAD /home/cspl/.local/xPacks/@xpack-dev-tools/arm-none-eabi-gcc/10.2.1-1.1.2/.content/bin/../lib/gcc/arm-none-eabi/10.2.1/thumb/v7e-m+fp/hard/libgcc.a
LOAD /home/cspl/.local/xPacks/@xpack-dev-tools/arm-none-eabi-gcc/10.2.1-1.1.2/.content/bin/../lib/gcc/arm-none-eabi/10.2.1/../../../../arm-none-eabi/lib/thumb/v7e-m+fp/hard/libc_nano.a
LOAD /home/cspl/.local/xPacks/@xpack-dev-tools/arm-none-eabi-gcc/10.2.1-1.1.2/.content/bin/../lib/gcc/arm-none-eabi/10.2.1/../../../../arm-none-eabi/lib/thumb/v7e-m+fp/hard/libnosys.a
END GROUP
LOAD /home/cspl/.local/xPacks/@xpack-dev-tools/arm-none-eabi-gcc/10.2.1-1.1.2/.content/bin/../lib/gcc/arm-none-eabi/10.2.1/thumb/v7e-m+fp/hard/crtend.o
LOAD /home/cspl/.local/xPacks/@xpack-dev-tools/arm-none-eabi-gcc/10.2.1-1.1.2/.content/bin/../lib/gcc/arm-none-eabi/10.2.1/thumb/v7e-m+fp/hard/crtn.o
                0x0000000020003000                _estack = 0x20003000
                0x0000000000000000                _Min_Heap_Size = 0x0
                0x0000000000000400                _Min_Stack_Size = 0x400

.isr_vector     0x0000000008000000      0x188
                0x0000000008000000                . = ALIGN (0x4)
 *(.isr_vector)
 .isr_vector    0x0000000008000000      0x188 objdir/stm32f3_startup.o
                0x0000000008000000                g_pfnVectors
                0x0000000008000188                . = ALIGN (0x4)

.text           0x0000000008000190     0x360c
                0x0000000008000190                . = ALIGN (0x4)
 *(.text)
 .text          0x0000000008000190       0xa0 /home/cspl/.local/xPacks/@xpack-dev-tools/arm-none-eabi-gcc/10.2.1-1.1.2/.content/bin/../lib/gcc/arm-none-eabi/10.2.1/../../../../arm-none-eabi/lib/thumb/v7e-m+fp/hard/libg_nano.a(lib_a-memchr.o)
                0x0000000008000190                memchr
 *(.text*)
 .text.__do_global_dtors_aux
                0x0000000008000230       0x24 /home/cspl/.local/xPacks/@xpack-dev-tools/arm-none-eabi-gcc/10.2.1-1.1.2/.content/bin/../lib/gcc/arm-none-eabi/10.2.1/thumb/v7e-m+fp/hard/crtbegin.o
 .text.frame_dummy
                0x0000000008000254       0x1c /home/cspl/.local/xPacks/@xpack-dev-tools/arm-none-eabi-gcc/10.2.1-1.1.2/.content/bin/../lib/gcc/arm-none-eabi/10.2.1/thumb/v7e-m+fp/hard/crtbegin.o
 .text.initialize
                0x0000000008000270       0x20 objdir/simpleserial-main.o
                0x0000000008000270                initialize
 .text.Non_Crossing_Biased_Climb
                0x0000000008000290       0x64 objdir/simpleserial-main.o
                0x0000000008000290                Non_Crossing_Biased_Climb
 .text.Non_Crossing_Biased_Descend
                0x00000000080002f4       0x5c objdir/simpleserial-main.o
                0x00000000080002f4                Non_Crossing_Biased_Descend
 .text.alt_sep_test
                0x0000000008000350       0x8c objdir/simpleserial-main.o
                0x0000000008000350                alt_sep_test
 .text.loop     0x00000000080003dc      0x10c objdir/simpleserial-main.o
                0x00000000080003dc                loop
 .text.startup.main
                0x00000000080004e8       0x3c objdir/simpleserial-main.o
                0x00000000080004e8                main
 .text.check_version
                0x0000000008000524       0x16 objdir/simpleserial.o
                0x0000000008000524                check_version
 *fill*         0x000000000800053a        0x2 
 .text.simpleserial_init
                0x000000000800053c       0x18 objdir/simpleserial.o
                0x000000000800053c                simpleserial_init
 .text.simpleserial_addcmd
                0x0000000008000554       0x84 objdir/simpleserial.o
                0x0000000008000554                simpleserial_addcmd
 .text.platform_init
                0x00000000080005d8       0xa4 objdir/stm32f3_hal.o
                0x00000000080005d8                platform_init
 .text.init_uart
                0x000000000800067c       0xa0 objdir/stm32f3_hal.o
                0x000000000800067c                init_uart
 .text.trigger_setup
                0x000000000800071c       0x58 objdir/stm32f3_hal.o
                0x000000000800071c                trigger_setup
 .text.trigger_high
                0x0000000008000774       0x16 objdir/stm32f3_hal.o
                0x0000000008000774                trigger_high
 .text.trigger_low
                0x000000000800078a       0x16 objdir/stm32f3_hal.o
                0x000000000800078a                trigger_low
 .text.getch    0x00000000080007a0       0x2c objdir/stm32f3_hal.o
                0x00000000080007a0                getch
 .text.putch    0x00000000080007cc       0x2c objdir/stm32f3_hal.o
                0x00000000080007cc                putch
 .text.HAL_GetTick
                0x00000000080007f8       0x1c objdir/stm32f3_hal_lowlevel.o
                0x00000000080007f8                HAL_GetTick
 .text.HAL_RCC_GetSysClockFreq
                0x0000000008000814       0x12 objdir/stm32f3_hal_lowlevel.o
                0x0000000008000814                HAL_RCC_GetSysClockFreq
 .text.HAL_RCC_GetPCLK1Freq
                0x0000000008000826       0x12 objdir/stm32f3_hal_lowlevel.o
                0x0000000008000826                HAL_RCC_GetPCLK1Freq
 .text.HAL_RCC_OscConfig
                0x0000000008000838      0xdd4 objdir/stm32f3_hal_lowlevel.o
                0x0000000008000838                HAL_RCC_OscConfig
 .text.HAL_RCC_ClockConfig
                0x000000000800160c      0x300 objdir/stm32f3_hal_lowlevel.o
                0x000000000800160c                HAL_RCC_ClockConfig
 .text.HAL_RCC_GetPCLK2Freq
                0x000000000800190c       0x14 objdir/stm32f3_hal_lowlevel.o
                0x000000000800190c                HAL_RCC_GetPCLK2Freq
 .text.HAL_GPIO_Init
                0x0000000008001920      0x2fc objdir/stm32f3_hal_lowlevel.o
                0x0000000008001920                HAL_GPIO_Init
 .text.HAL_GPIO_WritePin
                0x0000000008001c1c       0x30 objdir/stm32f3_hal_lowlevel.o
                0x0000000008001c1c                HAL_GPIO_WritePin
 .text.UART_SetConfig
                0x0000000008001c4c      0x3fc objdir/stm32f3_hal_lowlevel.o
                0x0000000008001c4c                UART_SetConfig
 .text.UART_CheckIdleState
                0x0000000008002048       0x92 objdir/stm32f3_hal_lowlevel.o
                0x0000000008002048                UART_CheckIdleState
 .text.HAL_UART_Init
                0x00000000080020da       0x8e objdir/stm32f3_hal_lowlevel.o
                0x00000000080020da                HAL_UART_Init
 .text.UART_WaitOnFlagUntilTimeout
                0x0000000008002168       0x94 objdir/stm32f3_hal_lowlevel.o
                0x0000000008002168                UART_WaitOnFlagUntilTimeout
 .text.HAL_UART_Transmit
                0x00000000080021fc      0x11a objdir/stm32f3_hal_lowlevel.o
                0x00000000080021fc                HAL_UART_Transmit
 .text.HAL_UART_Receive
                0x0000000008002316      0x16a objdir/stm32f3_hal_lowlevel.o
                0x0000000008002316                HAL_UART_Receive
 .text._sbrk    0x0000000008002480       0x58 objdir/stm32f3_sysmem.o
                0x0000000008002480                _sbrk
 .text.Reset_Handler
                0x00000000080024d8       0x58 objdir/stm32f3_startup.o
                0x00000000080024d8                Reset_Handler
 .text.Default_Handler
                0x0000000008002530        0x2 objdir/stm32f3_startup.o
                0x0000000008002530                DebugMon_Handler
                0x0000000008002530                HardFault_Handler
                0x0000000008002530                SysTick_Handler
                0x0000000008002530                PendSV_Handler
                0x0000000008002530                NMI_Handler
                0x0000000008002530                UsageFault_Handler
                0x0000000008002530                Default_Handler
                0x0000000008002530                MemManage_Handler
                0x0000000008002530                SVC_Handler
                0x0000000008002530                BusFault_Handler
 .text.atoi     0x0000000008002532        0x8 /home/cspl/.local/xPacks/@xpack-dev-tools/arm-none-eabi-gcc/10.2.1-1.1.2/.content/bin/../lib/gcc/arm-none-eabi/10.2.1/../../../../arm-none-eabi/lib/thumb/v7e-m+fp/hard/libg_nano.a(lib_a-atoi.o)
                0x0000000008002532                atoi
 *fill*         0x000000000800253a        0x2 
 .text.__errno  0x000000000800253c        0xc /home/cspl/.local/xPacks/@xpack-dev-tools/arm-none-eabi-gcc/10.2.1-1.1.2/.content/bin/../lib/gcc/arm-none-eabi/10.2.1/../../../../arm-none-eabi/lib/thumb/v7e-m+fp/hard/libg_nano.a(lib_a-errno.o)
                0x000000000800253c                __errno
 .text.__libc_init_array
                0x0000000008002548       0x48 /home/cspl/.local/xPacks/@xpack-dev-tools/arm-none-eabi-gcc/10.2.1-1.1.2/.content/bin/../lib/gcc/arm-none-eabi/10.2.1/../../../../arm-none-eabi/lib/thumb/v7e-m+fp/hard/libg_nano.a(lib_a-init.o)
                0x0000000008002548                __libc_init_array
 .text.malloc   0x0000000008002590       0x10 /home/cspl/.local/xPacks/@xpack-dev-tools/arm-none-eabi-gcc/10.2.1-1.1.2/.content/bin/../lib/gcc/arm-none-eabi/10.2.1/../../../../arm-none-eabi/lib/thumb/v7e-m+fp/hard/libg_nano.a(lib_a-malloc.o)
                0x0000000008002590                malloc
 .text.free     0x00000000080025a0       0x10 /home/cspl/.local/xPacks/@xpack-dev-tools/arm-none-eabi-gcc/10.2.1-1.1.2/.content/bin/../lib/gcc/arm-none-eabi/10.2.1/../../../../arm-none-eabi/lib/thumb/v7e-m+fp/hard/libg_nano.a(lib_a-malloc.o)
                0x00000000080025a0                free
 .text.memset   0x00000000080025b0       0x10 /home/cspl/.local/xPacks/@xpack-dev-tools/arm-none-eabi-gcc/10.2.1-1.1.2/.content/bin/../lib/gcc/arm-none-eabi/10.2.1/../../../../arm-none-eabi/lib/thumb/v7e-m+fp/hard/libg_nano.a(lib_a-memset.o)
                0x00000000080025b0                memset
 .text._free_r  0x00000000080025c0       0x98 /home/cspl/.local/xPacks/@xpack-dev-tools/arm-none-eabi-gcc/10.2.1-1.1.2/.content/bin/../lib/gcc/arm-none-eabi/10.2.1/../../../../arm-none-eabi/lib/thumb/v7e-m+fp/hard/libg_nano.a(lib_a-nano-freer.o)
                0x00000000080025c0                _free_r
 .text._malloc_r
                0x0000000008002658       0xb4 /home/cspl/.local/xPacks/@xpack-dev-tools/arm-none-eabi-gcc/10.2.1-1.1.2/.content/bin/../lib/gcc/arm-none-eabi/10.2.1/../../../../arm-none-eabi/lib/thumb/v7e-m+fp/hard/libg_nano.a(lib_a-nano-mallocr.o)
                0x0000000008002658                _malloc_r
 .text._sbrk_r  0x000000000800270c       0x20 /home/cspl/.local/xPacks/@xpack-dev-tools/arm-none-eabi-gcc/10.2.1-1.1.2/.content/bin/../lib/gcc/arm-none-eabi/10.2.1/../../../../arm-none-eabi/lib/thumb/v7e-m+fp/hard/libg_nano.a(lib_a-sbrkr.o)
                0x000000000800270c                _sbrk_r
 .text.strtok   0x000000000800272c       0x68 /home/cspl/.local/xPacks/@xpack-dev-tools/arm-none-eabi-gcc/10.2.1-1.1.2/.content/bin/../lib/gcc/arm-none-eabi/10.2.1/../../../../arm-none-eabi/lib/thumb/v7e-m+fp/hard/libg_nano.a(lib_a-strtok.o)
                0x000000000800272c                strtok
 .text.__strtok_r
                0x0000000008002794       0x50 /home/cspl/.local/xPacks/@xpack-dev-tools/arm-none-eabi-gcc/10.2.1-1.1.2/.content/bin/../lib/gcc/arm-none-eabi/10.2.1/../../../../arm-none-eabi/lib/thumb/v7e-m+fp/hard/libg_nano.a(lib_a-strtok_r.o)
                0x0000000008002794                __strtok_r
 .text._strtol_l.constprop.0
                0x00000000080027e4      0x104 /home/cspl/.local/xPacks/@xpack-dev-tools/arm-none-eabi-gcc/10.2.1-1.1.2/.content/bin/../lib/gcc/arm-none-eabi/10.2.1/../../../../arm-none-eabi/lib/thumb/v7e-m+fp/hard/libg_nano.a(lib_a-strtol.o)
 .text.strtol   0x00000000080028e8       0x14 /home/cspl/.local/xPacks/@xpack-dev-tools/arm-none-eabi-gcc/10.2.1-1.1.2/.content/bin/../lib/gcc/arm-none-eabi/10.2.1/../../../../arm-none-eabi/lib/thumb/v7e-m+fp/hard/libg_nano.a(lib_a-strtol.o)
                0x00000000080028e8                strtol
 .text.__assert_func
                0x00000000080028fc       0x3c /home/cspl/.local/xPacks/@xpack-dev-tools/arm-none-eabi-gcc/10.2.1-1.1.2/.content/bin/../lib/gcc/arm-none-eabi/10.2.1/../../../../arm-none-eabi/lib/thumb/v7e-m+fp/hard/libg_nano.a(lib_a-assert.o)
                0x00000000080028fc                __assert_func
 .text.fprintf  0x0000000008002938       0x24 /home/cspl/.local/xPacks/@xpack-dev-tools/arm-none-eabi-gcc/10.2.1-1.1.2/.content/bin/../lib/gcc/arm-none-eabi/10.2.1/../../../../arm-none-eabi/lib/thumb/v7e-m+fp/hard/libg_nano.a(lib_a-fprintf.o)
                0x0000000008002938                fprintf
                0x0000000008002938                fiprintf
 .text.__malloc_lock
                0x000000000800295c        0xc /home/cspl/.local/xPacks/@xpack-dev-tools/arm-none-eabi-gcc/10.2.1-1.1.2/.content/bin/../lib/gcc/arm-none-eabi/10.2.1/../../../../arm-none-eabi/lib/thumb/v7e-m+fp/hard/libg_nano.a(lib_a-mlock.o)
                0x000000000800295c                __malloc_lock
 .text.__malloc_unlock
                0x0000000008002968        0xc /home/cspl/.local/xPacks/@xpack-dev-tools/arm-none-eabi-gcc/10.2.1-1.1.2/.content/bin/../lib/gcc/arm-none-eabi/10.2.1/../../../../arm-none-eabi/lib/thumb/v7e-m+fp/hard/libg_nano.a(lib_a-mlock.o)
                0x0000000008002968                __malloc_unlock
 .text.__sfputc_r
                0x0000000008002974       0x2e /home/cspl/.local/xPacks/@xpack-dev-tools/arm-none-eabi-gcc/10.2.1-1.1.2/.content/bin/../lib/gcc/arm-none-eabi/10.2.1/../../../../arm-none-eabi/lib/thumb/v7e-m+fp/hard/libg_nano.a(lib_a-nano-vfprintf.o)
 .text.__sfputs_r
                0x00000000080029a2       0x24 /home/cspl/.local/xPacks/@xpack-dev-tools/arm-none-eabi-gcc/10.2.1-1.1.2/.content/bin/../lib/gcc/arm-none-eabi/10.2.1/../../../../arm-none-eabi/lib/thumb/v7e-m+fp/hard/libg_nano.a(lib_a-nano-vfprintf.o)
                0x00000000080029a2                __sfputs_r
 *fill*         0x00000000080029c6        0x2 
 .text._vfprintf_r
                0x00000000080029c8      0x260 /home/cspl/.local/xPacks/@xpack-dev-tools/arm-none-eabi-gcc/10.2.1-1.1.2/.content/bin/../lib/gcc/arm-none-eabi/10.2.1/../../../../arm-none-eabi/lib/thumb/v7e-m+fp/hard/libg_nano.a(lib_a-nano-vfprintf.o)
                0x00000000080029c8                _vfiprintf_r
                0x00000000080029c8                _vfprintf_r
 .text.__swbuf_r
                0x0000000008002c28       0xa4 /home/cspl/.local/xPacks/@xpack-dev-tools/arm-none-eabi-gcc/10.2.1-1.1.2/.content/bin/../lib/gcc/arm-none-eabi/10.2.1/../../../../arm-none-eabi/lib/thumb/v7e-m+fp/hard/libg_nano.a(lib_a-wbuf.o)
                0x0000000008002c28                __swbuf_r
 .text.__swsetup_r
                0x0000000008002ccc       0xdc /home/cspl/.local/xPacks/@xpack-dev-tools/arm-none-eabi-gcc/10.2.1-1.1.2/.content/bin/../lib/gcc/arm-none-eabi/10.2.1/../../../../arm-none-eabi/lib/thumb/v7e-m+fp/hard/libg_nano.a(lib_a-wsetup.o)
                0x0000000008002ccc                __swsetup_r
 .text.abort    0x0000000008002da8        0xe /home/cspl/.local/xPacks/@xpack-dev-tools/arm-none-eabi-gcc/10.2.1-1.1.2/.content/bin/../lib/gcc/arm-none-eabi/10.2.1/../../../../arm-none-eabi/lib/thumb/v7e-m+fp/hard/libg_nano.a(lib_a-abort.o)
                0x0000000008002da8                abort
 *fill*         0x0000000008002db6        0x2 
 .text.__sflush_r
                0x0000000008002db8      0x10c /home/cspl/.local/xPacks/@xpack-dev-tools/arm-none-eabi-gcc/10.2.1-1.1.2/.content/bin/../lib/gcc/arm-none-eabi/10.2.1/../../../../arm-none-eabi/lib/thumb/v7e-m+fp/hard/libg_nano.a(lib_a-fflush.o)
                0x0000000008002db8                __sflush_r
 .text._fflush_r
                0x0000000008002ec4       0x78 /home/cspl/.local/xPacks/@xpack-dev-tools/arm-none-eabi-gcc/10.2.1-1.1.2/.content/bin/../lib/gcc/arm-none-eabi/10.2.1/../../../../arm-none-eabi/lib/thumb/v7e-m+fp/hard/libg_nano.a(lib_a-fflush.o)
                0x0000000008002ec4                _fflush_r
 .text.std      0x0000000008002f3c       0x48 /home/cspl/.local/xPacks/@xpack-dev-tools/arm-none-eabi-gcc/10.2.1-1.1.2/.content/bin/../lib/gcc/arm-none-eabi/10.2.1/../../../../arm-none-eabi/lib/thumb/v7e-m+fp/hard/libg_nano.a(lib_a-findfp.o)
 .text._cleanup_r
                0x0000000008002f84        0xc /home/cspl/.local/xPacks/@xpack-dev-tools/arm-none-eabi-gcc/10.2.1-1.1.2/.content/bin/../lib/gcc/arm-none-eabi/10.2.1/../../../../arm-none-eabi/lib/thumb/v7e-m+fp/hard/libg_nano.a(lib_a-findfp.o)
                0x0000000008002f84                _cleanup_r
 .text.__sfmoreglue
                0x0000000008002f90       0x2c /home/cspl/.local/xPacks/@xpack-dev-tools/arm-none-eabi-gcc/10.2.1-1.1.2/.content/bin/../lib/gcc/arm-none-eabi/10.2.1/../../../../arm-none-eabi/lib/thumb/v7e-m+fp/hard/libg_nano.a(lib_a-findfp.o)
                0x0000000008002f90                __sfmoreglue
 .text.__sfp_lock_acquire
                0x0000000008002fbc        0xc /home/cspl/.local/xPacks/@xpack-dev-tools/arm-none-eabi-gcc/10.2.1-1.1.2/.content/bin/../lib/gcc/arm-none-eabi/10.2.1/../../../../arm-none-eabi/lib/thumb/v7e-m+fp/hard/libg_nano.a(lib_a-findfp.o)
                0x0000000008002fbc                __sfp_lock_acquire
 .text.__sfp_lock_release
                0x0000000008002fc8        0xc /home/cspl/.local/xPacks/@xpack-dev-tools/arm-none-eabi-gcc/10.2.1-1.1.2/.content/bin/../lib/gcc/arm-none-eabi/10.2.1/../../../../arm-none-eabi/lib/thumb/v7e-m+fp/hard/libg_nano.a(lib_a-findfp.o)
                0x0000000008002fc8                __sfp_lock_release
 .text.__sinit_lock_acquire
                0x0000000008002fd4        0xc /home/cspl/.local/xPacks/@xpack-dev-tools/arm-none-eabi-gcc/10.2.1-1.1.2/.content/bin/../lib/gcc/arm-none-eabi/10.2.1/../../../../arm-none-eabi/lib/thumb/v7e-m+fp/hard/libg_nano.a(lib_a-findfp.o)
                0x0000000008002fd4                __sinit_lock_acquire
 .text.__sinit_lock_release
                0x0000000008002fe0        0xc /home/cspl/.local/xPacks/@xpack-dev-tools/arm-none-eabi-gcc/10.2.1-1.1.2/.content/bin/../lib/gcc/arm-none-eabi/10.2.1/../../../../arm-none-eabi/lib/thumb/v7e-m+fp/hard/libg_nano.a(lib_a-findfp.o)
                0x0000000008002fe0                __sinit_lock_release
 .text.__sinit  0x0000000008002fec       0x70 /home/cspl/.local/xPacks/@xpack-dev-tools/arm-none-eabi-gcc/10.2.1-1.1.2/.content/bin/../lib/gcc/arm-none-eabi/10.2.1/../../../../arm-none-eabi/lib/thumb/v7e-m+fp/hard/libg_nano.a(lib_a-findfp.o)
                0x0000000008002fec                __sinit
 .text.__sfp    0x000000000800305c       0x8c /home/cspl/.local/xPacks/@xpack-dev-tools/arm-none-eabi-gcc/10.2.1-1.1.2/.content/bin/../lib/gcc/arm-none-eabi/10.2.1/../../../../arm-none-eabi/lib/thumb/v7e-m+fp/hard/libg_nano.a(lib_a-findfp.o)
                0x000000000800305c                __sfp
 .text._fwalk_reent
                0x00000000080030e8       0x3e /home/cspl/.local/xPacks/@xpack-dev-tools/arm-none-eabi-gcc/10.2.1-1.1.2/.content/bin/../lib/gcc/arm-none-eabi/10.2.1/../../../../arm-none-eabi/lib/thumb/v7e-m+fp/hard/libg_nano.a(lib_a-fwalk.o)
                0x00000000080030e8                _fwalk_reent
 .text.__retarget_lock_init_recursive
                0x0000000008003126        0x2 /home/cspl/.local/xPacks/@xpack-dev-tools/arm-none-eabi-gcc/10.2.1-1.1.2/.content/bin/../lib/gcc/arm-none-eabi/10.2.1/../../../../arm-none-eabi/lib/thumb/v7e-m+fp/hard/libg_nano.a(lib_a-lock.o)
                0x0000000008003126                __retarget_lock_init_recursive
 .text.__retarget_lock_acquire_recursive
                0x0000000008003128        0x2 /home/cspl/.local/xPacks/@xpack-dev-tools/arm-none-eabi-gcc/10.2.1-1.1.2/.content/bin/../lib/gcc/arm-none-eabi/10.2.1/../../../../arm-none-eabi/lib/thumb/v7e-m+fp/hard/libg_nano.a(lib_a-lock.o)
                0x0000000008003128                __retarget_lock_acquire_recursive
 .text.__retarget_lock_release_recursive
                0x000000000800312a        0x2 /home/cspl/.local/xPacks/@xpack-dev-tools/arm-none-eabi-gcc/10.2.1-1.1.2/.content/bin/../lib/gcc/arm-none-eabi/10.2.1/../../../../arm-none-eabi/lib/thumb/v7e-m+fp/hard/libg_nano.a(lib_a-lock.o)
                0x000000000800312a                __retarget_lock_release_recursive
 .text.__swhatbuf_r
                0x000000000800312c       0x4a /home/cspl/.local/xPacks/@xpack-dev-tools/arm-none-eabi-gcc/10.2.1-1.1.2/.content/bin/../lib/gcc/arm-none-eabi/10.2.1/../../../../arm-none-eabi/lib/thumb/v7e-m+fp/hard/libg_nano.a(lib_a-makebuf.o)
                0x000000000800312c                __swhatbuf_r
 *fill*         0x0000000008003176        0x2 
 .text.__smakebuf_r
                0x0000000008003178       0x80 /home/cspl/.local/xPacks/@xpack-dev-tools/arm-none-eabi-gcc/10.2.1-1.1.2/.content/bin/../lib/gcc/arm-none-eabi/10.2.1/../../../../arm-none-eabi/lib/thumb/v7e-m+fp/hard/libg_nano.a(lib_a-makebuf.o)
                0x0000000008003178                __smakebuf_r
 .text._printf_common
                0x00000000080031f8       0xda /home/cspl/.local/xPacks/@xpack-dev-tools/arm-none-eabi-gcc/10.2.1-1.1.2/.content/bin/../lib/gcc/arm-none-eabi/10.2.1/../../../../arm-none-eabi/lib/thumb/v7e-m+fp/hard/libg_nano.a(lib_a-nano-vfprintf_i.o)
                0x00000000080031f8                _printf_common
 *fill*         0x00000000080032d2        0x2 
 .text._printf_i
                0x00000000080032d4      0x24c /home/cspl/.local/xPacks/@xpack-dev-tools/arm-none-eabi-gcc/10.2.1-1.1.2/.content/bin/../lib/gcc/arm-none-eabi/10.2.1/../../../../arm-none-eabi/lib/thumb/v7e-m+fp/hard/libg_nano.a(lib_a-nano-vfprintf_i.o)
                0x00000000080032d4                _printf_i
 .text._raise_r
                0x0000000008003520       0x50 /home/cspl/.local/xPacks/@xpack-dev-tools/arm-none-eabi-gcc/10.2.1-1.1.2/.content/bin/../lib/gcc/arm-none-eabi/10.2.1/../../../../arm-none-eabi/lib/thumb/v7e-m+fp/hard/libg_nano.a(lib_a-signal.o)
                0x0000000008003520                _raise_r
 .text.raise    0x0000000008003570       0x10 /home/cspl/.local/xPacks/@xpack-dev-tools/arm-none-eabi-gcc/10.2.1-1.1.2/.content/bin/../lib/gcc/arm-none-eabi/10.2.1/../../../../arm-none-eabi/lib/thumb/v7e-m+fp/hard/libg_nano.a(lib_a-signal.o)
                0x0000000008003570                raise
 .text._kill_r  0x0000000008003580       0x24 /home/cspl/.local/xPacks/@xpack-dev-tools/arm-none-eabi-gcc/10.2.1-1.1.2/.content/bin/../lib/gcc/arm-none-eabi/10.2.1/../../../../arm-none-eabi/lib/thumb/v7e-m+fp/hard/libg_nano.a(lib_a-signalr.o)
                0x0000000008003580                _kill_r
 .text._getpid_r
                0x00000000080035a4        0x4 /home/cspl/.local/xPacks/@xpack-dev-tools/arm-none-eabi-gcc/10.2.1-1.1.2/.content/bin/../lib/gcc/arm-none-eabi/10.2.1/../../../../arm-none-eabi/lib/thumb/v7e-m+fp/hard/libg_nano.a(lib_a-signalr.o)
                0x00000000080035a4                _getpid_r
 .text.__sread  0x00000000080035a8       0x22 /home/cspl/.local/xPacks/@xpack-dev-tools/arm-none-eabi-gcc/10.2.1-1.1.2/.content/bin/../lib/gcc/arm-none-eabi/10.2.1/../../../../arm-none-eabi/lib/thumb/v7e-m+fp/hard/libg_nano.a(lib_a-stdio.o)
                0x00000000080035a8                __sread
 .text.__swrite
                0x00000000080035ca       0x38 /home/cspl/.local/xPacks/@xpack-dev-tools/arm-none-eabi-gcc/10.2.1-1.1.2/.content/bin/../lib/gcc/arm-none-eabi/10.2.1/../../../../arm-none-eabi/lib/thumb/v7e-m+fp/hard/libg_nano.a(lib_a-stdio.o)
                0x00000000080035ca                __swrite
 .text.__sseek  0x0000000008003602       0x24 /home/cspl/.local/xPacks/@xpack-dev-tools/arm-none-eabi-gcc/10.2.1-1.1.2/.content/bin/../lib/gcc/arm-none-eabi/10.2.1/../../../../arm-none-eabi/lib/thumb/v7e-m+fp/hard/libg_nano.a(lib_a-stdio.o)
                0x0000000008003602                __sseek
 .text.__sclose
                0x0000000008003626        0x8 /home/cspl/.local/xPacks/@xpack-dev-tools/arm-none-eabi-gcc/10.2.1-1.1.2/.content/bin/../lib/gcc/arm-none-eabi/10.2.1/../../../../arm-none-eabi/lib/thumb/v7e-m+fp/hard/libg_nano.a(lib_a-stdio.o)
                0x0000000008003626                __sclose
 *fill*         0x000000000800362e        0x2 
 .text._write_r
                0x0000000008003630       0x24 /home/cspl/.local/xPacks/@xpack-dev-tools/arm-none-eabi-gcc/10.2.1-1.1.2/.content/bin/../lib/gcc/arm-none-eabi/10.2.1/../../../../arm-none-eabi/lib/thumb/v7e-m+fp/hard/libg_nano.a(lib_a-writer.o)
                0x0000000008003630                _write_r
 .text._close_r
                0x0000000008003654       0x20 /home/cspl/.local/xPacks/@xpack-dev-tools/arm-none-eabi-gcc/10.2.1-1.1.2/.content/bin/../lib/gcc/arm-none-eabi/10.2.1/../../../../arm-none-eabi/lib/thumb/v7e-m+fp/hard/libg_nano.a(lib_a-closer.o)
                0x0000000008003654                _close_r
 .text._fstat_r
                0x0000000008003674       0x24 /home/cspl/.local/xPacks/@xpack-dev-tools/arm-none-eabi-gcc/10.2.1-1.1.2/.content/bin/../lib/gcc/arm-none-eabi/10.2.1/../../../../arm-none-eabi/lib/thumb/v7e-m+fp/hard/libg_nano.a(lib_a-fstatr.o)
                0x0000000008003674                _fstat_r
 .text._isatty_r
                0x0000000008003698       0x20 /home/cspl/.local/xPacks/@xpack-dev-tools/arm-none-eabi-gcc/10.2.1-1.1.2/.content/bin/../lib/gcc/arm-none-eabi/10.2.1/../../../../arm-none-eabi/lib/thumb/v7e-m+fp/hard/libg_nano.a(lib_a-isattyr.o)
                0x0000000008003698                _isatty_r
 .text._lseek_r
                0x00000000080036b8       0x24 /home/cspl/.local/xPacks/@xpack-dev-tools/arm-none-eabi-gcc/10.2.1-1.1.2/.content/bin/../lib/gcc/arm-none-eabi/10.2.1/../../../../arm-none-eabi/lib/thumb/v7e-m+fp/hard/libg_nano.a(lib_a-lseekr.o)
                0x00000000080036b8                _lseek_r
 .text._read_r  0x00000000080036dc       0x24 /home/cspl/.local/xPacks/@xpack-dev-tools/arm-none-eabi-gcc/10.2.1-1.1.2/.content/bin/../lib/gcc/arm-none-eabi/10.2.1/../../../../arm-none-eabi/lib/thumb/v7e-m+fp/hard/libg_nano.a(lib_a-readr.o)
                0x00000000080036dc                _read_r
 .text._close   0x0000000008003700       0x10 /home/cspl/.local/xPacks/@xpack-dev-tools/arm-none-eabi-gcc/10.2.1-1.1.2/.content/bin/../lib/gcc/arm-none-eabi/10.2.1/../../../../arm-none-eabi/lib/thumb/v7e-m+fp/hard/libnosys.a(close.o)
                0x0000000008003700                _close
 .text._fstat   0x0000000008003710       0x10 /home/cspl/.local/xPacks/@xpack-dev-tools/arm-none-eabi-gcc/10.2.1-1.1.2/.content/bin/../lib/gcc/arm-none-eabi/10.2.1/../../../../arm-none-eabi/lib/thumb/v7e-m+fp/hard/libnosys.a(fstat.o)
                0x0000000008003710                _fstat
 .text._getpid  0x0000000008003720       0x10 /home/cspl/.local/xPacks/@xpack-dev-tools/arm-none-eabi-gcc/10.2.1-1.1.2/.content/bin/../lib/gcc/arm-none-eabi/10.2.1/../../../../arm-none-eabi/lib/thumb/v7e-m+fp/hard/libnosys.a(getpid.o)
                0x0000000008003720                _getpid
 .text._isatty  0x0000000008003730       0x10 /home/cspl/.local/xPacks/@xpack-dev-tools/arm-none-eabi-gcc/10.2.1-1.1.2/.content/bin/../lib/gcc/arm-none-eabi/10.2.1/../../../../arm-none-eabi/lib/thumb/v7e-m+fp/hard/libnosys.a(isatty.o)
                0x0000000008003730                _isatty
 .text._kill    0x0000000008003740       0x10 /home/cspl/.local/xPacks/@xpack-dev-tools/arm-none-eabi-gcc/10.2.1-1.1.2/.content/bin/../lib/gcc/arm-none-eabi/10.2.1/../../../../arm-none-eabi/lib/thumb/v7e-m+fp/hard/libnosys.a(kill.o)
                0x0000000008003740                _kill
 .text._lseek   0x0000000008003750       0x10 /home/cspl/.local/xPacks/@xpack-dev-tools/arm-none-eabi-gcc/10.2.1-1.1.2/.content/bin/../lib/gcc/arm-none-eabi/10.2.1/../../../../arm-none-eabi/lib/thumb/v7e-m+fp/hard/libnosys.a(lseek.o)
                0x0000000008003750                _lseek
 .text._read    0x0000000008003760       0x10 /home/cspl/.local/xPacks/@xpack-dev-tools/arm-none-eabi-gcc/10.2.1-1.1.2/.content/bin/../lib/gcc/arm-none-eabi/10.2.1/../../../../arm-none-eabi/lib/thumb/v7e-m+fp/hard/libnosys.a(read.o)
                0x0000000008003760                _read
 .text._write   0x0000000008003770       0x10 /home/cspl/.local/xPacks/@xpack-dev-tools/arm-none-eabi-gcc/10.2.1-1.1.2/.content/bin/../lib/gcc/arm-none-eabi/10.2.1/../../../../arm-none-eabi/lib/thumb/v7e-m+fp/hard/libnosys.a(write.o)
                0x0000000008003770                _write
 .text._exit    0x0000000008003780        0x4 /home/cspl/.local/xPacks/@xpack-dev-tools/arm-none-eabi-gcc/10.2.1-1.1.2/.content/bin/../lib/gcc/arm-none-eabi/10.2.1/../../../../arm-none-eabi/lib/thumb/v7e-m+fp/hard/libnosys.a(_exit.o)
                0x0000000008003780                _exit
 *(.glue_7)
 .glue_7        0x0000000008003784        0x0 linker stubs
 *(.glue_7t)
 .glue_7t       0x0000000008003784        0x0 linker stubs
 *(.eh_frame)
 .eh_frame      0x0000000008003784        0x0 /home/cspl/.local/xPacks/@xpack-dev-tools/arm-none-eabi-gcc/10.2.1-1.1.2/.content/bin/../lib/gcc/arm-none-eabi/10.2.1/thumb/v7e-m+fp/hard/crtbegin.o
 *(.init)
 .init          0x0000000008003784        0x4 /home/cspl/.local/xPacks/@xpack-dev-tools/arm-none-eabi-gcc/10.2.1-1.1.2/.content/bin/../lib/gcc/arm-none-eabi/10.2.1/thumb/v7e-m+fp/hard/crti.o
                0x0000000008003784                _init
 .init          0x0000000008003788        0x8 /home/cspl/.local/xPacks/@xpack-dev-tools/arm-none-eabi-gcc/10.2.1-1.1.2/.content/bin/../lib/gcc/arm-none-eabi/10.2.1/thumb/v7e-m+fp/hard/crtn.o
 *(.fini)
 .fini          0x0000000008003790        0x4 /home/cspl/.local/xPacks/@xpack-dev-tools/arm-none-eabi-gcc/10.2.1-1.1.2/.content/bin/../lib/gcc/arm-none-eabi/10.2.1/thumb/v7e-m+fp/hard/crti.o
                0x0000000008003790                _fini
 .fini          0x0000000008003794        0x8 /home/cspl/.local/xPacks/@xpack-dev-tools/arm-none-eabi-gcc/10.2.1-1.1.2/.content/bin/../lib/gcc/arm-none-eabi/10.2.1/thumb/v7e-m+fp/hard/crtn.o
                0x000000000800379c                . = ALIGN (0x4)
                0x000000000800379c                _etext = .

.vfp11_veneer   0x000000000800379c        0x0
 .vfp11_veneer  0x000000000800379c        0x0 linker stubs

.v4_bx          0x000000000800379c        0x0
 .v4_bx         0x000000000800379c        0x0 linker stubs

.iplt           0x000000000800379c        0x0
 .iplt          0x000000000800379c        0x0 /home/cspl/.local/xPacks/@xpack-dev-tools/arm-none-eabi-gcc/10.2.1-1.1.2/.content/bin/../lib/gcc/arm-none-eabi/10.2.1/thumb/v7e-m+fp/hard/crtbegin.o

.rodata         0x000000000800379c      0x250
                0x000000000800379c                . = ALIGN (0x4)
 *(.rodata)
 .rodata        0x000000000800379c        0x3 objdir/simpleserial-main.o
 *(.rodata*)
 *fill*         0x000000000800379f        0x1 
 .rodata._global_impure_ptr
                0x00000000080037a0        0x4 /home/cspl/.local/xPacks/@xpack-dev-tools/arm-none-eabi-gcc/10.2.1-1.1.2/.content/bin/../lib/gcc/arm-none-eabi/10.2.1/../../../../arm-none-eabi/lib/thumb/v7e-m+fp/hard/libg_nano.a(lib_a-impure.o)
                0x00000000080037a0                _global_impure_ptr
 .rodata.strtok.str1.1
                0x00000000080037a4       0x73 /home/cspl/.local/xPacks/@xpack-dev-tools/arm-none-eabi-gcc/10.2.1-1.1.2/.content/bin/../lib/gcc/arm-none-eabi/10.2.1/../../../../arm-none-eabi/lib/thumb/v7e-m+fp/hard/libg_nano.a(lib_a-strtok.o)
 .rodata.__assert_func.str1.1
                0x0000000008003817       0x3c /home/cspl/.local/xPacks/@xpack-dev-tools/arm-none-eabi-gcc/10.2.1-1.1.2/.content/bin/../lib/gcc/arm-none-eabi/10.2.1/../../../../arm-none-eabi/lib/thumb/v7e-m+fp/hard/libg_nano.a(lib_a-assert.o)
                                         0x3d (size before relaxing)
 .rodata._ctype_
                0x0000000008003853      0x101 /home/cspl/.local/xPacks/@xpack-dev-tools/arm-none-eabi-gcc/10.2.1-1.1.2/.content/bin/../lib/gcc/arm-none-eabi/10.2.1/../../../../arm-none-eabi/lib/thumb/v7e-m+fp/hard/libg_nano.a(lib_a-ctype_.o)
                0x0000000008003853                _ctype_
 .rodata._vfprintf_r.str1.1
                0x0000000008003954       0x11 /home/cspl/.local/xPacks/@xpack-dev-tools/arm-none-eabi-gcc/10.2.1-1.1.2/.content/bin/../lib/gcc/arm-none-eabi/10.2.1/../../../../arm-none-eabi/lib/thumb/v7e-m+fp/hard/libg_nano.a(lib_a-nano-vfprintf.o)
 *fill*         0x0000000008003965        0x3 
 .rodata.__sf_fake_stderr
                0x0000000008003968       0x20 /home/cspl/.local/xPacks/@xpack-dev-tools/arm-none-eabi-gcc/10.2.1-1.1.2/.content/bin/../lib/gcc/arm-none-eabi/10.2.1/../../../../arm-none-eabi/lib/thumb/v7e-m+fp/hard/libg_nano.a(lib_a-findfp.o)
                0x0000000008003968                __sf_fake_stderr
 .rodata.__sf_fake_stdin
                0x0000000008003988       0x20 /home/cspl/.local/xPacks/@xpack-dev-tools/arm-none-eabi-gcc/10.2.1-1.1.2/.content/bin/../lib/gcc/arm-none-eabi/10.2.1/../../../../arm-none-eabi/lib/thumb/v7e-m+fp/hard/libg_nano.a(lib_a-findfp.o)
                0x0000000008003988                __sf_fake_stdin
 .rodata.__sf_fake_stdout
                0x00000000080039a8       0x20 /home/cspl/.local/xPacks/@xpack-dev-tools/arm-none-eabi-gcc/10.2.1-1.1.2/.content/bin/../lib/gcc/arm-none-eabi/10.2.1/../../../../arm-none-eabi/lib/thumb/v7e-m+fp/hard/libg_nano.a(lib_a-findfp.o)
                0x00000000080039a8                __sf_fake_stdout
 .rodata._printf_i.str1.1
                0x00000000080039c8       0x22 /home/cspl/.local/xPacks/@xpack-dev-tools/arm-none-eabi-gcc/10.2.1-1.1.2/.content/bin/../lib/gcc/arm-none-eabi/10.2.1/../../../../arm-none-eabi/lib/thumb/v7e-m+fp/hard/libg_nano.a(lib_a-nano-vfprintf_i.o)
                0x00000000080039ec                . = ALIGN (0x4)
 *fill*         0x00000000080039ea        0x2 

.ARM.extab      0x00000000080039ec        0x0
                0x00000000080039ec                . = ALIGN (0x4)
 *(.ARM.extab* .gnu.linkonce.armextab.*)
                0x00000000080039ec                . = ALIGN (0x4)

.ARM            0x00000000080039ec        0x8
                0x00000000080039ec                . = ALIGN (0x4)
                0x00000000080039ec                __exidx_start = .
 *(.ARM.exidx*)
 .ARM.exidx.text._close
                0x00000000080039ec        0x8 /home/cspl/.local/xPacks/@xpack-dev-tools/arm-none-eabi-gcc/10.2.1-1.1.2/.content/bin/../lib/gcc/arm-none-eabi/10.2.1/../../../../arm-none-eabi/lib/thumb/v7e-m+fp/hard/libnosys.a(close.o)
 .ARM.exidx.text._fstat
                0x00000000080039f4        0x0 /home/cspl/.local/xPacks/@xpack-dev-tools/arm-none-eabi-gcc/10.2.1-1.1.2/.content/bin/../lib/gcc/arm-none-eabi/10.2.1/../../../../arm-none-eabi/lib/thumb/v7e-m+fp/hard/libnosys.a(fstat.o)
                                          0x8 (size before relaxing)
 .ARM.exidx.text._getpid
                0x00000000080039f4        0x0 /home/cspl/.local/xPacks/@xpack-dev-tools/arm-none-eabi-gcc/10.2.1-1.1.2/.content/bin/../lib/gcc/arm-none-eabi/10.2.1/../../../../arm-none-eabi/lib/thumb/v7e-m+fp/hard/libnosys.a(getpid.o)
                                          0x8 (size before relaxing)
 .ARM.exidx.text._isatty
                0x00000000080039f4        0x0 /home/cspl/.local/xPacks/@xpack-dev-tools/arm-none-eabi-gcc/10.2.1-1.1.2/.content/bin/../lib/gcc/arm-none-eabi/10.2.1/../../../../arm-none-eabi/lib/thumb/v7e-m+fp/hard/libnosys.a(isatty.o)
                                          0x8 (size before relaxing)
 .ARM.exidx.text._kill
                0x00000000080039f4        0x0 /home/cspl/.local/xPacks/@xpack-dev-tools/arm-none-eabi-gcc/10.2.1-1.1.2/.content/bin/../lib/gcc/arm-none-eabi/10.2.1/../../../../arm-none-eabi/lib/thumb/v7e-m+fp/hard/libnosys.a(kill.o)
                                          0x8 (size before relaxing)
 .ARM.exidx.text._lseek
                0x00000000080039f4        0x0 /home/cspl/.local/xPacks/@xpack-dev-tools/arm-none-eabi-gcc/10.2.1-1.1.2/.content/bin/../lib/gcc/arm-none-eabi/10.2.1/../../../../arm-none-eabi/lib/thumb/v7e-m+fp/hard/libnosys.a(lseek.o)
                                          0x8 (size before relaxing)
 .ARM.exidx.text._read
                0x00000000080039f4        0x0 /home/cspl/.local/xPacks/@xpack-dev-tools/arm-none-eabi-gcc/10.2.1-1.1.2/.content/bin/../lib/gcc/arm-none-eabi/10.2.1/../../../../arm-none-eabi/lib/thumb/v7e-m+fp/hard/libnosys.a(read.o)
                                          0x8 (size before relaxing)
 .ARM.exidx.text._write
                0x00000000080039f4        0x0 /home/cspl/.local/xPacks/@xpack-dev-tools/arm-none-eabi-gcc/10.2.1-1.1.2/.content/bin/../lib/gcc/arm-none-eabi/10.2.1/../../../../arm-none-eabi/lib/thumb/v7e-m+fp/hard/libnosys.a(write.o)
                                          0x8 (size before relaxing)
 .ARM.exidx.text._exit
                0x00000000080039f4        0x0 /home/cspl/.local/xPacks/@xpack-dev-tools/arm-none-eabi-gcc/10.2.1-1.1.2/.content/bin/../lib/gcc/arm-none-eabi/10.2.1/../../../../arm-none-eabi/lib/thumb/v7e-m+fp/hard/libnosys.a(_exit.o)
                                          0x8 (size before relaxing)
                0x00000000080039f4                __exidx_end = .
                0x00000000080039f4                . = ALIGN (0x4)

.rel.dyn        0x00000000080039f4        0x0
 .rel.iplt      0x00000000080039f4        0x0 /home/cspl/.local/xPacks/@xpack-dev-tools/arm-none-eabi-gcc/10.2.1-1.1.2/.content/bin/../lib/gcc/arm-none-eabi/10.2.1/thumb/v7e-m+fp/hard/crtbegin.o

.preinit_array  0x00000000080039f4        0x0
                0x00000000080039f4                . = ALIGN (0x4)
                0x00000000080039f4                PROVIDE (__preinit_array_start = .)
 *(.preinit_array*)
                0x00000000080039f4                PROVIDE (__preinit_array_end = .)
                0x00000000080039f4                . = ALIGN (0x4)

.init_array     0x00000000080039f4        0x4
                0x00000000080039f4                . = ALIGN (0x4)
                0x00000000080039f4                PROVIDE (__init_array_start = .)
 *(SORT_BY_NAME(.init_array.*))
 *(.init_array*)
 .init_array    0x00000000080039f4        0x4 /home/cspl/.local/xPacks/@xpack-dev-tools/arm-none-eabi-gcc/10.2.1-1.1.2/.content/bin/../lib/gcc/arm-none-eabi/10.2.1/thumb/v7e-m+fp/hard/crtbegin.o
                0x00000000080039f8                PROVIDE (__init_array_end = .)
                0x00000000080039f8                . = ALIGN (0x4)

.fini_array     0x00000000080039f8        0x4
                0x00000000080039f8                . = ALIGN (0x4)
                [!provide]                        PROVIDE (__fini_array_start = .)
 *(SORT_BY_NAME(.fini_array.*))
 *(.fini_array*)
 .fini_array    0x00000000080039f8        0x4 /home/cspl/.local/xPacks/@xpack-dev-tools/arm-none-eabi-gcc/10.2.1-1.1.2/.content/bin/../lib/gcc/arm-none-eabi/10.2.1/thumb/v7e-m+fp/hard/crtbegin.o
                [!provide]                        PROVIDE (__fini_array_end = .)
                0x00000000080039fc                . = ALIGN (0x4)
                0x00000000080039fc                _sidata = LOADADDR (.data)

.data           0x0000000020000000       0x74 load address 0x00000000080039fc
                0x0000000020000000                . = ALIGN (0x4)
                0x0000000020000000                _sdata = .
 *(.data)
 .data          0x0000000020000000       0x10 objdir/simpleserial-main.o
                0x0000000020000000                NOZCROSS
                0x0000000020000004                MINSEP
                0x0000000020000008                OLEV
                0x000000002000000c                MAXALTDIFF
 *(.data*)
 .data._impure_ptr
                0x0000000020000010        0x4 /home/cspl/.local/xPacks/@xpack-dev-tools/arm-none-eabi-gcc/10.2.1-1.1.2/.content/bin/../lib/gcc/arm-none-eabi/10.2.1/../../../../arm-none-eabi/lib/thumb/v7e-m+fp/hard/libg_nano.a(lib_a-impure.o)
                0x0000000020000010                _impure_ptr
 .data.impure_data
                0x0000000020000014       0x60 /home/cspl/.local/xPacks/@xpack-dev-tools/arm-none-eabi-gcc/10.2.1-1.1.2/.content/bin/../lib/gcc/arm-none-eabi/10.2.1/../../../../arm-none-eabi/lib/thumb/v7e-m+fp/hard/libg_nano.a(lib_a-impure.o)
                0x0000000020000074                . = ALIGN (0x4)
                0x0000000020000074                _edata = .

.igot.plt       0x0000000020000074        0x0 load address 0x0000000008003a70
 .igot.plt      0x0000000020000074        0x0 /home/cspl/.local/xPacks/@xpack-dev-tools/arm-none-eabi-gcc/10.2.1-1.1.2/.content/bin/../lib/gcc/arm-none-eabi/10.2.1/thumb/v7e-m+fp/hard/crtbegin.o
                0x0000000020000074                . = ALIGN (0x4)

.bss            0x0000000020000074      0x168 load address 0x0000000008003a70
                0x0000000020000074                _sbss = .
                0x0000000020000074                __bss_start__ = _sbss
 *(.bss)
 .bss           0x0000000020000074       0x44 objdir/simpleserial-main.o
                0x0000000020000074                Positive_RA_Alt_Thresh
                0x0000000020000084                Up_Separation
                0x0000000020000088                Climb_Inhibit
                0x000000002000008c                Down_Separation
                0x0000000020000090                Own_Tracked_Alt
                0x0000000020000094                Other_Tracked_Alt
                0x0000000020000098                Alt_Layer_Value
                0x000000002000009c                Cur_Vertical_Sep
                0x00000000200000a0                High_Confidence
                0x00000000200000a4                Own_Tracked_Alt_Rate
                0x00000000200000a8                Two_of_Three_Reports_Valid
                0x00000000200000ac                Other_RAC
                0x00000000200000b0                Other_Capability
                0x00000000200000b4                alt_sep_result
 .bss           0x00000000200000b8       0x7c objdir/simpleserial.o
 .bss           0x0000000020000134        0x8 objdir/stm32f3_hal_lowlevel.o
                0x0000000020000134                hal_sys_tick
                0x0000000020000138                uwTick
 .bss           0x000000002000013c        0x4 objdir/stm32f3_sysmem.o
 *(.bss*)
 .bss.completed.1
                0x0000000020000140        0x1 /home/cspl/.local/xPacks/@xpack-dev-tools/arm-none-eabi-gcc/10.2.1-1.1.2/.content/bin/../lib/gcc/arm-none-eabi/10.2.1/thumb/v7e-m+fp/hard/crtbegin.o
 *fill*         0x0000000020000141        0x3 
 .bss.object.0  0x0000000020000144       0x18 /home/cspl/.local/xPacks/@xpack-dev-tools/arm-none-eabi-gcc/10.2.1-1.1.2/.content/bin/../lib/gcc/arm-none-eabi/10.2.1/thumb/v7e-m+fp/hard/crtbegin.o
 .bss.__malloc_free_list
                0x000000002000015c        0x4 /home/cspl/.local/xPacks/@xpack-dev-tools/arm-none-eabi-gcc/10.2.1-1.1.2/.content/bin/../lib/gcc/arm-none-eabi/10.2.1/../../../../arm-none-eabi/lib/thumb/v7e-m+fp/hard/libg_nano.a(lib_a-nano-mallocr.o)
                0x000000002000015c                __malloc_free_list
 .bss.__malloc_sbrk_start
                0x0000000020000160        0x4 /home/cspl/.local/xPacks/@xpack-dev-tools/arm-none-eabi-gcc/10.2.1-1.1.2/.content/bin/../lib/gcc/arm-none-eabi/10.2.1/../../../../arm-none-eabi/lib/thumb/v7e-m+fp/hard/libg_nano.a(lib_a-nano-mallocr.o)
                0x0000000020000160                __malloc_sbrk_start
 .bss.errno     0x0000000020000164        0x4 /home/cspl/.local/xPacks/@xpack-dev-tools/arm-none-eabi-gcc/10.2.1-1.1.2/.content/bin/../lib/gcc/arm-none-eabi/10.2.1/../../../../arm-none-eabi/lib/thumb/v7e-m+fp/hard/libg_nano.a(lib_a-reent.o)
                0x0000000020000164                errno
 .bss.__lock___malloc_recursive_mutex
                0x0000000020000168        0x1 /home/cspl/.local/xPacks/@xpack-dev-tools/arm-none-eabi-gcc/10.2.1-1.1.2/.content/bin/../lib/gcc/arm-none-eabi/10.2.1/../../../../arm-none-eabi/lib/thumb/v7e-m+fp/hard/libg_nano.a(lib_a-lock.o)
                0x0000000020000168                __lock___malloc_recursive_mutex
 .bss.__lock___sfp_recursive_mutex
                0x0000000020000169        0x1 /home/cspl/.local/xPacks/@xpack-dev-tools/arm-none-eabi-gcc/10.2.1-1.1.2/.content/bin/../lib/gcc/arm-none-eabi/10.2.1/../../../../arm-none-eabi/lib/thumb/v7e-m+fp/hard/libg_nano.a(lib_a-lock.o)
                0x0000000020000169                __lock___sfp_recursive_mutex
 .bss.__lock___sinit_recursive_mutex
                0x000000002000016a        0x1 /home/cspl/.local/xPacks/@xpack-dev-tools/arm-none-eabi-gcc/10.2.1-1.1.2/.content/bin/../lib/gcc/arm-none-eabi/10.2.1/../../../../arm-none-eabi/lib/thumb/v7e-m+fp/hard/libg_nano.a(lib_a-lock.o)
                0x000000002000016a                __lock___sinit_recursive_mutex
 *(COMMON)
 *fill*         0x000000002000016b        0x1 
 COMMON         0x000000002000016c       0x70 objdir/stm32f3_hal.o
                0x000000002000016c                UartHandle
                0x00000000200001dc                . = ALIGN (0x4)
                0x00000000200001dc                _ebss = .
                0x00000000200001dc                __bss_end__ = _ebss

._user_heap_stack
                0x00000000200001dc      0x404 load address 0x0000000008003a70
                0x00000000200001e0                . = ALIGN (0x8)
 *fill*         0x00000000200001dc        0x4 
                0x00000000200001e0                PROVIDE (end = .)
                [!provide]                        PROVIDE (_end = .)
                0x00000000200001e0                . = (. + _Min_Heap_Size)
                0x00000000200005e0                . = (. + _Min_Stack_Size)
 *fill*         0x00000000200001e0      0x400 
                0x00000000200005e0                . = ALIGN (0x8)

/DISCARD/
 libc.a(*)
 libm.a(*)
 libgcc.a(*)

.ARM.attributes
                0x0000000000000000       0x30
 *(.ARM.attributes)
 .ARM.attributes
                0x0000000000000000       0x1e /home/cspl/.local/xPacks/@xpack-dev-tools/arm-none-eabi-gcc/10.2.1-1.1.2/.content/bin/../lib/gcc/arm-none-eabi/10.2.1/thumb/v7e-m+fp/hard/crti.o
 .ARM.attributes
                0x000000000000001e       0x34 /home/cspl/.local/xPacks/@xpack-dev-tools/arm-none-eabi-gcc/10.2.1-1.1.2/.content/bin/../lib/gcc/arm-none-eabi/10.2.1/thumb/v7e-m+fp/hard/crtbegin.o
 .ARM.attributes
                0x0000000000000052       0x34 objdir/simpleserial-main.o
 .ARM.attributes
                0x0000000000000086       0x34 objdir/simpleserial.o
 .ARM.attributes
                0x00000000000000ba       0x34 objdir/stm32f3_hal.o
 .ARM.attributes
                0x00000000000000ee       0x34 objdir/stm32f3_hal_lowlevel.o
 .ARM.attributes
                0x0000000000000122       0x34 objdir/stm32f3_sysmem.o
 .ARM.attributes
                0x0000000000000156       0x25 objdir/stm32f3_startup.o
 .ARM.attributes
                0x000000000000017b       0x34 /home/cspl/.local/xPacks/@xpack-dev-tools/arm-none-eabi-gcc/10.2.1-1.1.2/.content/bin/../lib/gcc/arm-none-eabi/10.2.1/../../../../arm-none-eabi/lib/thumb/v7e-m+fp/hard/libg_nano.a(lib_a-atoi.o)
 .ARM.attributes
                0x00000000000001af       0x34 /home/cspl/.local/xPacks/@xpack-dev-tools/arm-none-eabi-gcc/10.2.1-1.1.2/.content/bin/../lib/gcc/arm-none-eabi/10.2.1/../../../../arm-none-eabi/lib/thumb/v7e-m+fp/hard/libg_nano.a(lib_a-errno.o)
 .ARM.attributes
                0x00000000000001e3       0x32 /home/cspl/.local/xPacks/@xpack-dev-tools/arm-none-eabi-gcc/10.2.1-1.1.2/.content/bin/../lib/gcc/arm-none-eabi/10.2.1/../../../../arm-none-eabi/lib/thumb/v7e-m+fp/hard/libg_nano.a(lib_a-impure.o)
 .ARM.attributes
                0x0000000000000215       0x34 /home/cspl/.local/xPacks/@xpack-dev-tools/arm-none-eabi-gcc/10.2.1-1.1.2/.content/bin/../lib/gcc/arm-none-eabi/10.2.1/../../../../arm-none-eabi/lib/thumb/v7e-m+fp/hard/libg_nano.a(lib_a-init.o)
 .ARM.attributes
                0x0000000000000249       0x34 /home/cspl/.local/xPacks/@xpack-dev-tools/arm-none-eabi-gcc/10.2.1-1.1.2/.content/bin/../lib/gcc/arm-none-eabi/10.2.1/../../../../arm-none-eabi/lib/thumb/v7e-m+fp/hard/libg_nano.a(lib_a-malloc.o)
 .ARM.attributes
                0x000000000000027d       0x34 /home/cspl/.local/xPacks/@xpack-dev-tools/arm-none-eabi-gcc/10.2.1-1.1.2/.content/bin/../lib/gcc/arm-none-eabi/10.2.1/../../../../arm-none-eabi/lib/thumb/v7e-m+fp/hard/libg_nano.a(lib_a-memset.o)
 .ARM.attributes
                0x00000000000002b1       0x34 /home/cspl/.local/xPacks/@xpack-dev-tools/arm-none-eabi-gcc/10.2.1-1.1.2/.content/bin/../lib/gcc/arm-none-eabi/10.2.1/../../../../arm-none-eabi/lib/thumb/v7e-m+fp/hard/libg_nano.a(lib_a-nano-freer.o)
 .ARM.attributes
                0x00000000000002e5       0x34 /home/cspl/.local/xPacks/@xpack-dev-tools/arm-none-eabi-gcc/10.2.1-1.1.2/.content/bin/../lib/gcc/arm-none-eabi/10.2.1/../../../../arm-none-eabi/lib/thumb/v7e-m+fp/hard/libg_nano.a(lib_a-nano-mallocr.o)
 .ARM.attributes
                0x0000000000000319       0x34 /home/cspl/.local/xPacks/@xpack-dev-tools/arm-none-eabi-gcc/10.2.1-1.1.2/.content/bin/../lib/gcc/arm-none-eabi/10.2.1/../../../../arm-none-eabi/lib/thumb/v7e-m+fp/hard/libg_nano.a(lib_a-sbrkr.o)
 .ARM.attributes
                0x000000000000034d       0x34 /home/cspl/.local/xPacks/@xpack-dev-tools/arm-none-eabi-gcc/10.2.1-1.1.2/.content/bin/../lib/gcc/arm-none-eabi/10.2.1/../../../../arm-none-eabi/lib/thumb/v7e-m+fp/hard/libg_nano.a(lib_a-strtok.o)
 .ARM.attributes
                0x0000000000000381       0x34 /home/cspl/.local/xPacks/@xpack-dev-tools/arm-none-eabi-gcc/10.2.1-1.1.2/.content/bin/../lib/gcc/arm-none-eabi/10.2.1/../../../../arm-none-eabi/lib/thumb/v7e-m+fp/hard/libg_nano.a(lib_a-strtok_r.o)
 .ARM.attributes
                0x00000000000003b5       0x34 /home/cspl/.local/xPacks/@xpack-dev-tools/arm-none-eabi-gcc/10.2.1-1.1.2/.content/bin/../lib/gcc/arm-none-eabi/10.2.1/../../../../arm-none-eabi/lib/thumb/v7e-m+fp/hard/libg_nano.a(lib_a-strtol.o)
 .ARM.attributes
                0x00000000000003e9       0x34 /home/cspl/.local/xPacks/@xpack-dev-tools/arm-none-eabi-gcc/10.2.1-1.1.2/.content/bin/../lib/gcc/arm-none-eabi/10.2.1/../../../../arm-none-eabi/lib/thumb/v7e-m+fp/hard/libg_nano.a(lib_a-assert.o)
 .ARM.attributes
                0x000000000000041d       0x32 /home/cspl/.local/xPacks/@xpack-dev-tools/arm-none-eabi-gcc/10.2.1-1.1.2/.content/bin/../lib/gcc/arm-none-eabi/10.2.1/../../../../arm-none-eabi/lib/thumb/v7e-m+fp/hard/libg_nano.a(lib_a-ctype_.o)
 .ARM.attributes
                0x000000000000044f       0x34 /home/cspl/.local/xPacks/@xpack-dev-tools/arm-none-eabi-gcc/10.2.1-1.1.2/.content/bin/../lib/gcc/arm-none-eabi/10.2.1/../../../../arm-none-eabi/lib/thumb/v7e-m+fp/hard/libg_nano.a(lib_a-fprintf.o)
 .ARM.attributes
                0x0000000000000483       0x34 /home/cspl/.local/xPacks/@xpack-dev-tools/arm-none-eabi-gcc/10.2.1-1.1.2/.content/bin/../lib/gcc/arm-none-eabi/10.2.1/../../../../arm-none-eabi/lib/thumb/v7e-m+fp/hard/libg_nano.a(lib_a-mlock.o)
 .ARM.attributes
                0x00000000000004b7       0x34 /home/cspl/.local/xPacks/@xpack-dev-tools/arm-none-eabi-gcc/10.2.1-1.1.2/.content/bin/../lib/gcc/arm-none-eabi/10.2.1/../../../../arm-none-eabi/lib/thumb/v7e-m+fp/hard/libg_nano.a(lib_a-nano-vfprintf.o)
 .ARM.attributes
                0x00000000000004eb       0x34 /home/cspl/.local/xPacks/@xpack-dev-tools/arm-none-eabi-gcc/10.2.1-1.1.2/.content/bin/../lib/gcc/arm-none-eabi/10.2.1/../../../../arm-none-eabi/lib/thumb/v7e-m+fp/hard/libg_nano.a(lib_a-reent.o)
 .ARM.attributes
                0x000000000000051f       0x34 /home/cspl/.local/xPacks/@xpack-dev-tools/arm-none-eabi-gcc/10.2.1-1.1.2/.content/bin/../lib/gcc/arm-none-eabi/10.2.1/../../../../arm-none-eabi/lib/thumb/v7e-m+fp/hard/libg_nano.a(lib_a-wbuf.o)
 .ARM.attributes
                0x0000000000000553       0x34 /home/cspl/.local/xPacks/@xpack-dev-tools/arm-none-eabi-gcc/10.2.1-1.1.2/.content/bin/../lib/gcc/arm-none-eabi/10.2.1/../../../../arm-none-eabi/lib/thumb/v7e-m+fp/hard/libg_nano.a(lib_a-wsetup.o)
 .ARM.attributes
                0x0000000000000587       0x34 /home/cspl/.local/xPacks/@xpack-dev-tools/arm-none-eabi-gcc/10.2.1-1.1.2/.content/bin/../lib/gcc/arm-none-eabi/10.2.1/../../../../arm-none-eabi/lib/thumb/v7e-m+fp/hard/libg_nano.a(lib_a-abort.o)
 .ARM.attributes
                0x00000000000005bb       0x34 /home/cspl/.local/xPacks/@xpack-dev-tools/arm-none-eabi-gcc/10.2.1-1.1.2/.content/bin/../lib/gcc/arm-none-eabi/10.2.1/../../../../arm-none-eabi/lib/thumb/v7e-m+fp/hard/libg_nano.a(lib_a-fflush.o)
 .ARM.attributes
                0x00000000000005ef       0x34 /home/cspl/.local/xPacks/@xpack-dev-tools/arm-none-eabi-gcc/10.2.1-1.1.2/.content/bin/../lib/gcc/arm-none-eabi/10.2.1/../../../../arm-none-eabi/lib/thumb/v7e-m+fp/hard/libg_nano.a(lib_a-findfp.o)
 .ARM.attributes
                0x0000000000000623       0x34 /home/cspl/.local/xPacks/@xpack-dev-tools/arm-none-eabi-gcc/10.2.1-1.1.2/.content/bin/../lib/gcc/arm-none-eabi/10.2.1/../../../../arm-none-eabi/lib/thumb/v7e-m+fp/hard/libg_nano.a(lib_a-fwalk.o)
 .ARM.attributes
                0x0000000000000657       0x34 /home/cspl/.local/xPacks/@xpack-dev-tools/arm-none-eabi-gcc/10.2.1-1.1.2/.content/bin/../lib/gcc/arm-none-eabi/10.2.1/../../../../arm-none-eabi/lib/thumb/v7e-m+fp/hard/libg_nano.a(lib_a-lock.o)
 .ARM.attributes
                0x000000000000068b       0x34 /home/cspl/.local/xPacks/@xpack-dev-tools/arm-none-eabi-gcc/10.2.1-1.1.2/.content/bin/../lib/gcc/arm-none-eabi/10.2.1/../../../../arm-none-eabi/lib/thumb/v7e-m+fp/hard/libg_nano.a(lib_a-makebuf.o)
 .ARM.attributes
                0x00000000000006bf       0x1c /home/cspl/.local/xPacks/@xpack-dev-tools/arm-none-eabi-gcc/10.2.1-1.1.2/.content/bin/../lib/gcc/arm-none-eabi/10.2.1/../../../../arm-none-eabi/lib/thumb/v7e-m+fp/hard/libg_nano.a(lib_a-memchr.o)
 .ARM.attributes
                0x00000000000006db       0x34 /home/cspl/.local/xPacks/@xpack-dev-tools/arm-none-eabi-gcc/10.2.1-1.1.2/.content/bin/../lib/gcc/arm-none-eabi/10.2.1/../../../../arm-none-eabi/lib/thumb/v7e-m+fp/hard/libg_nano.a(lib_a-nano-vfprintf_i.o)
 .ARM.attributes
                0x000000000000070f       0x34 /home/cspl/.local/xPacks/@xpack-dev-tools/arm-none-eabi-gcc/10.2.1-1.1.2/.content/bin/../lib/gcc/arm-none-eabi/10.2.1/../../../../arm-none-eabi/lib/thumb/v7e-m+fp/hard/libg_nano.a(lib_a-signal.o)
 .ARM.attributes
                0x0000000000000743       0x34 /home/cspl/.local/xPacks/@xpack-dev-tools/arm-none-eabi-gcc/10.2.1-1.1.2/.content/bin/../lib/gcc/arm-none-eabi/10.2.1/../../../../arm-none-eabi/lib/thumb/v7e-m+fp/hard/libg_nano.a(lib_a-signalr.o)
 .ARM.attributes
                0x0000000000000777       0x34 /home/cspl/.local/xPacks/@xpack-dev-tools/arm-none-eabi-gcc/10.2.1-1.1.2/.content/bin/../lib/gcc/arm-none-eabi/10.2.1/../../../../arm-none-eabi/lib/thumb/v7e-m+fp/hard/libg_nano.a(lib_a-stdio.o)
 .ARM.attributes
                0x00000000000007ab       0x34 /home/cspl/.local/xPacks/@xpack-dev-tools/arm-none-eabi-gcc/10.2.1-1.1.2/.content/bin/../lib/gcc/arm-none-eabi/10.2.1/../../../../arm-none-eabi/lib/thumb/v7e-m+fp/hard/libg_nano.a(lib_a-writer.o)
 .ARM.attributes
                0x00000000000007df       0x34 /home/cspl/.local/xPacks/@xpack-dev-tools/arm-none-eabi-gcc/10.2.1-1.1.2/.content/bin/../lib/gcc/arm-none-eabi/10.2.1/../../../../arm-none-eabi/lib/thumb/v7e-m+fp/hard/libg_nano.a(lib_a-closer.o)
 .ARM.attributes
                0x0000000000000813       0x34 /home/cspl/.local/xPacks/@xpack-dev-tools/arm-none-eabi-gcc/10.2.1-1.1.2/.content/bin/../lib/gcc/arm-none-eabi/10.2.1/../../../../arm-none-eabi/lib/thumb/v7e-m+fp/hard/libg_nano.a(lib_a-fstatr.o)
 .ARM.attributes
                0x0000000000000847       0x34 /home/cspl/.local/xPacks/@xpack-dev-tools/arm-none-eabi-gcc/10.2.1-1.1.2/.content/bin/../lib/gcc/arm-none-eabi/10.2.1/../../../../arm-none-eabi/lib/thumb/v7e-m+fp/hard/libg_nano.a(lib_a-isattyr.o)
 .ARM.attributes
                0x000000000000087b       0x34 /home/cspl/.local/xPacks/@xpack-dev-tools/arm-none-eabi-gcc/10.2.1-1.1.2/.content/bin/../lib/gcc/arm-none-eabi/10.2.1/../../../../arm-none-eabi/lib/thumb/v7e-m+fp/hard/libg_nano.a(lib_a-lseekr.o)
 .ARM.attributes
                0x00000000000008af       0x34 /home/cspl/.local/xPacks/@xpack-dev-tools/arm-none-eabi-gcc/10.2.1-1.1.2/.content/bin/../lib/gcc/arm-none-eabi/10.2.1/../../../../arm-none-eabi/lib/thumb/v7e-m+fp/hard/libg_nano.a(lib_a-readr.o)
 .ARM.attributes
                0x00000000000008e3       0x34 /home/cspl/.local/xPacks/@xpack-dev-tools/arm-none-eabi-gcc/10.2.1-1.1.2/.content/bin/../lib/gcc/arm-none-eabi/10.2.1/../../../../arm-none-eabi/lib/thumb/v7e-m+fp/hard/libnosys.a(close.o)
 .ARM.attributes
                0x0000000000000917       0x34 /home/cspl/.local/xPacks/@xpack-dev-tools/arm-none-eabi-gcc/10.2.1-1.1.2/.content/bin/../lib/gcc/arm-none-eabi/10.2.1/../../../../arm-none-eabi/lib/thumb/v7e-m+fp/hard/libnosys.a(fstat.o)
 .ARM.attributes
                0x000000000000094b       0x34 /home/cspl/.local/xPacks/@xpack-dev-tools/arm-none-eabi-gcc/10.2.1-1.1.2/.content/bin/../lib/gcc/arm-none-eabi/10.2.1/../../../../arm-none-eabi/lib/thumb/v7e-m+fp/hard/libnosys.a(getpid.o)
 .ARM.attributes
                0x000000000000097f       0x34 /home/cspl/.local/xPacks/@xpack-dev-tools/arm-none-eabi-gcc/10.2.1-1.1.2/.content/bin/../lib/gcc/arm-none-eabi/10.2.1/../../../../arm-none-eabi/lib/thumb/v7e-m+fp/hard/libnosys.a(isatty.o)
 .ARM.attributes
                0x00000000000009b3       0x34 /home/cspl/.local/xPacks/@xpack-dev-tools/arm-none-eabi-gcc/10.2.1-1.1.2/.content/bin/../lib/gcc/arm-none-eabi/10.2.1/../../../../arm-none-eabi/lib/thumb/v7e-m+fp/hard/libnosys.a(kill.o)
 .ARM.attributes
                0x00000000000009e7       0x34 /home/cspl/.local/xPacks/@xpack-dev-tools/arm-none-eabi-gcc/10.2.1-1.1.2/.content/bin/../lib/gcc/arm-none-eabi/10.2.1/../../../../arm-none-eabi/lib/thumb/v7e-m+fp/hard/libnosys.a(lseek.o)
 .ARM.attributes
                0x0000000000000a1b       0x34 /home/cspl/.local/xPacks/@xpack-dev-tools/arm-none-eabi-gcc/10.2.1-1.1.2/.content/bin/../lib/gcc/arm-none-eabi/10.2.1/../../../../arm-none-eabi/lib/thumb/v7e-m+fp/hard/libnosys.a(read.o)
 .ARM.attributes
                0x0000000000000a4f       0x34 /home/cspl/.local/xPacks/@xpack-dev-tools/arm-none-eabi-gcc/10.2.1-1.1.2/.content/bin/../lib/gcc/arm-none-eabi/10.2.1/../../../../arm-none-eabi/lib/thumb/v7e-m+fp/hard/libnosys.a(write.o)
 .ARM.attributes
                0x0000000000000a83       0x34 /home/cspl/.local/xPacks/@xpack-dev-tools/arm-none-eabi-gcc/10.2.1-1.1.2/.content/bin/../lib/gcc/arm-none-eabi/10.2.1/../../../../arm-none-eabi/lib/thumb/v7e-m+fp/hard/libnosys.a(_exit.o)
 .ARM.attributes
                0x0000000000000ab7       0x1e /home/cspl/.local/xPacks/@xpack-dev-tools/arm-none-eabi-gcc/10.2.1-1.1.2/.content/bin/../lib/gcc/arm-none-eabi/10.2.1/thumb/v7e-m+fp/hard/crtn.o
OUTPUT(simpleserial-main-CW308_STM32F3.elf elf32-littlearm)
LOAD linker stubs
LOAD /home/cspl/.local/xPacks/@xpack-dev-tools/arm-none-eabi-gcc/10.2.1-1.1.2/.content/bin/../lib/gcc/arm-none-eabi/10.2.1/../../../../arm-none-eabi/lib/thumb/v7e-m+fp/hard/libc.a
LOAD /home/cspl/.local/xPacks/@xpack-dev-tools/arm-none-eabi-gcc/10.2.1-1.1.2/.content/bin/../lib/gcc/arm-none-eabi/10.2.1/../../../../arm-none-eabi/lib/thumb/v7e-m+fp/hard/libm.a
LOAD /home/cspl/.local/xPacks/@xpack-dev-tools/arm-none-eabi-gcc/10.2.1-1.1.2/.content/bin/../lib/gcc/arm-none-eabi/10.2.1/thumb/v7e-m+fp/hard/libgcc.a

.stab           0x0000000000000000      0x240
 .stab          0x0000000000000000       0x18 objdir/simpleserial-main.o
 .stab          0x0000000000000018      0x168 objdir/stm32f3_startup.o
                                        0x174 (size before relaxing)
 .stab          0x0000000000000180       0x18 /home/cspl/.local/xPacks/@xpack-dev-tools/arm-none-eabi-gcc/10.2.1-1.1.2/.content/bin/../lib/gcc/arm-none-eabi/10.2.1/../../../../arm-none-eabi/lib/thumb/v7e-m+fp/hard/libnosys.a(close.o)
                                         0x24 (size before relaxing)
 .stab          0x0000000000000198       0x18 /home/cspl/.local/xPacks/@xpack-dev-tools/arm-none-eabi-gcc/10.2.1-1.1.2/.content/bin/../lib/gcc/arm-none-eabi/10.2.1/../../../../arm-none-eabi/lib/thumb/v7e-m+fp/hard/libnosys.a(fstat.o)
                                         0x24 (size before relaxing)
 .stab          0x00000000000001b0       0x18 /home/cspl/.local/xPacks/@xpack-dev-tools/arm-none-eabi-gcc/10.2.1-1.1.2/.content/bin/../lib/gcc/arm-none-eabi/10.2.1/../../../../arm-none-eabi/lib/thumb/v7e-m+fp/hard/libnosys.a(getpid.o)
                                         0x24 (size before relaxing)
 .stab          0x00000000000001c8       0x18 /home/cspl/.local/xPacks/@xpack-dev-tools/arm-none-eabi-gcc/10.2.1-1.1.2/.content/bin/../lib/gcc/arm-none-eabi/10.2.1/../../../../arm-none-eabi/lib/thumb/v7e-m+fp/hard/libnosys.a(isatty.o)
                                         0x24 (size before relaxing)
 .stab          0x00000000000001e0       0x18 /home/cspl/.local/xPacks/@xpack-dev-tools/arm-none-eabi-gcc/10.2.1-1.1.2/.content/bin/../lib/gcc/arm-none-eabi/10.2.1/../../../../arm-none-eabi/lib/thumb/v7e-m+fp/hard/libnosys.a(kill.o)
                                         0x24 (size before relaxing)
 .stab          0x00000000000001f8       0x18 /home/cspl/.local/xPacks/@xpack-dev-tools/arm-none-eabi-gcc/10.2.1-1.1.2/.content/bin/../lib/gcc/arm-none-eabi/10.2.1/../../../../arm-none-eabi/lib/thumb/v7e-m+fp/hard/libnosys.a(lseek.o)
                                         0x24 (size before relaxing)
 .stab          0x0000000000000210       0x18 /home/cspl/.local/xPacks/@xpack-dev-tools/arm-none-eabi-gcc/10.2.1-1.1.2/.content/bin/../lib/gcc/arm-none-eabi/10.2.1/../../../../arm-none-eabi/lib/thumb/v7e-m+fp/hard/libnosys.a(read.o)
                                         0x24 (size before relaxing)
 .stab          0x0000000000000228       0x18 /home/cspl/.local/xPacks/@xpack-dev-tools/arm-none-eabi-gcc/10.2.1-1.1.2/.content/bin/../lib/gcc/arm-none-eabi/10.2.1/../../../../arm-none-eabi/lib/thumb/v7e-m+fp/hard/libnosys.a(write.o)
                                         0x24 (size before relaxing)

.debug_info     0x0000000000000000     0x5c41
 .debug_info    0x0000000000000000      0x70e objdir/simpleserial-main.o
 .debug_info    0x000000000000070e      0x372 objdir/simpleserial.o
 .debug_info    0x0000000000000a80     0x1663 objdir/stm32f3_hal.o
 .debug_info    0x00000000000020e3     0x30c0 objdir/stm32f3_hal_lowlevel.o
 .debug_info    0x00000000000051a3      0xa9e objdir/stm32f3_sysmem.o

.debug_abbrev   0x0000000000000000      0xbcf
 .debug_abbrev  0x0000000000000000      0x1cc objdir/simpleserial-main.o
 .debug_abbrev  0x00000000000001cc      0x135 objdir/simpleserial.o
 .debug_abbrev  0x0000000000000301      0x29d objdir/stm32f3_hal.o
 .debug_abbrev  0x000000000000059e      0x42f objdir/stm32f3_hal_lowlevel.o
 .debug_abbrev  0x00000000000009cd      0x202 objdir/stm32f3_sysmem.o

.debug_loc      0x0000000000000000      0xdb0
 .debug_loc     0x0000000000000000      0x2bc objdir/simpleserial-main.o
 .debug_loc     0x00000000000002bc      0x1e2 objdir/simpleserial.o
 .debug_loc     0x000000000000049e      0x28a objdir/stm32f3_hal.o
 .debug_loc     0x0000000000000728      0x638 objdir/stm32f3_hal_lowlevel.o
 .debug_loc     0x0000000000000d60       0x50 objdir/stm32f3_sysmem.o

.debug_aranges  0x0000000000000000      0x1c8
 .debug_aranges
                0x0000000000000000       0x48 objdir/simpleserial-main.o
 .debug_aranges
                0x0000000000000048       0x48 objdir/simpleserial.o
 .debug_aranges
                0x0000000000000090       0x60 objdir/stm32f3_hal.o
 .debug_aranges
                0x00000000000000f0       0xb8 objdir/stm32f3_hal_lowlevel.o
 .debug_aranges
                0x00000000000001a8       0x20 objdir/stm32f3_sysmem.o

.debug_ranges   0x0000000000000000      0x1c0
 .debug_ranges  0x0000000000000000       0x68 objdir/simpleserial-main.o
 .debug_ranges  0x0000000000000068       0x50 objdir/simpleserial.o
 .debug_ranges  0x00000000000000b8       0x50 objdir/stm32f3_hal.o
 .debug_ranges  0x0000000000000108       0xa8 objdir/stm32f3_hal_lowlevel.o
 .debug_ranges  0x00000000000001b0       0x10 objdir/stm32f3_sysmem.o

.debug_macro    0x0000000000000000    0x1cf8c
 .debug_macro   0x0000000000000000      0x242 objdir/simpleserial-main.o
 .debug_macro   0x0000000000000242      0xa9c objdir/simpleserial-main.o
 .debug_macro   0x0000000000000cde       0xe2 objdir/simpleserial-main.o
 .debug_macro   0x0000000000000dc0       0x22 objdir/simpleserial-main.o
 .debug_macro   0x0000000000000de2       0x8e objdir/simpleserial-main.o
 .debug_macro   0x0000000000000e70       0x51 objdir/simpleserial-main.o
 .debug_macro   0x0000000000000ec1      0x103 objdir/simpleserial-main.o
 .debug_macro   0x0000000000000fc4       0x6a objdir/simpleserial-main.o
 .debug_macro   0x000000000000102e      0x1df objdir/simpleserial-main.o
 .debug_macro   0x000000000000120d       0x12 objdir/simpleserial-main.o
 .debug_macro   0x000000000000121f       0x18 objdir/simpleserial-main.o
 .debug_macro   0x0000000000001237       0x6a objdir/simpleserial-main.o
 .debug_macro   0x00000000000012a1       0x35 objdir/simpleserial-main.o
 .debug_macro   0x00000000000012d6       0x34 objdir/simpleserial-main.o
 .debug_macro   0x000000000000130a       0x16 objdir/simpleserial-main.o
 .debug_macro   0x0000000000001320      0x10e objdir/simpleserial-main.o
 .debug_macro   0x000000000000142e       0x86 objdir/simpleserial-main.o
 .debug_macro   0x00000000000014b4       0x16 objdir/simpleserial-main.o
 .debug_macro   0x00000000000014ca       0x43 objdir/simpleserial-main.o
 .debug_macro   0x000000000000150d       0x34 objdir/simpleserial-main.o
 .debug_macro   0x0000000000001541       0x10 objdir/simpleserial-main.o
 .debug_macro   0x0000000000001551       0x58 objdir/simpleserial-main.o
 .debug_macro   0x00000000000015a9      0x182 objdir/simpleserial-main.o
 .debug_macro   0x000000000000172b      0x356 objdir/simpleserial-main.o
 .debug_macro   0x0000000000001a81       0x16 objdir/simpleserial-main.o
 .debug_macro   0x0000000000001a97       0x29 objdir/simpleserial-main.o
 .debug_macro   0x0000000000001ac0       0x16 objdir/simpleserial-main.o
 .debug_macro   0x0000000000001ad6       0x35 objdir/simpleserial-main.o
 .debug_macro   0x0000000000001b0b       0x1c objdir/simpleserial-main.o
 .debug_macro   0x0000000000001b27       0x10 objdir/simpleserial-main.o
 .debug_macro   0x0000000000001b37       0x10 objdir/simpleserial-main.o
 .debug_macro   0x0000000000001b47       0x1c objdir/simpleserial-main.o
 .debug_macro   0x0000000000001b63       0x52 objdir/simpleserial-main.o
 .debug_macro   0x0000000000001bb5       0x22 objdir/simpleserial-main.o
 .debug_macro   0x0000000000001bd7       0x10 objdir/simpleserial-main.o
 .debug_macro   0x0000000000001be7       0x40 objdir/simpleserial-main.o
 .debug_macro   0x0000000000001c27       0xd5 objdir/simpleserial-main.o
 .debug_macro   0x0000000000001cfc       0x1c objdir/simpleserial-main.o
 .debug_macro   0x0000000000001d18       0x3d objdir/simpleserial-main.o
 .debug_macro   0x0000000000001d55       0x16 objdir/simpleserial-main.o
 .debug_macro   0x0000000000001d6b      0x16f objdir/simpleserial-main.o
 .debug_macro   0x0000000000001eda       0x34 objdir/simpleserial-main.o
 .debug_macro   0x0000000000001f0e       0x9c objdir/simpleserial.o
 .debug_macro   0x0000000000001faa      0xaba objdir/simpleserial.o
 .debug_macro   0x0000000000002a64       0x22 objdir/simpleserial.o
 .debug_macro   0x0000000000002a86       0xef objdir/simpleserial.o
 .debug_macro   0x0000000000002b75       0x10 objdir/simpleserial.o
 .debug_macro   0x0000000000002b85      0x2a6 objdir/stm32f3_hal.o
 .debug_macro   0x0000000000002e2b       0x16 objdir/stm32f3_hal.o
 .debug_macro   0x0000000000002e41       0x5e objdir/stm32f3_hal.o
 .debug_macro   0x0000000000002e9f       0x2b objdir/stm32f3_hal.o
 .debug_macro   0x0000000000002eca       0x28 objdir/stm32f3_hal.o
 .debug_macro   0x0000000000002ef2       0x3b objdir/stm32f3_hal.o
 .debug_macro   0x0000000000002f2d       0x50 objdir/stm32f3_hal.o
 .debug_macro   0x0000000000002f7d      0xe66 objdir/stm32f3_hal.o
 .debug_macro   0x0000000000003de3    0x12a2c objdir/stm32f3_hal.o
 .debug_macro   0x000000000001680f       0x43 objdir/stm32f3_hal.o
 .debug_macro   0x0000000000016852     0x3486 objdir/stm32f3_hal.o
 .debug_macro   0x0000000000019cd8       0x64 objdir/stm32f3_hal.o
 .debug_macro   0x0000000000019d3c       0x18 objdir/stm32f3_hal.o
 .debug_macro   0x0000000000019d54       0x35 objdir/stm32f3_hal.o
 .debug_macro   0x0000000000019d89       0x16 objdir/stm32f3_hal.o
 .debug_macro   0x0000000000019d9f       0x97 objdir/stm32f3_hal.o
 .debug_macro   0x0000000000019e36      0x35c objdir/stm32f3_hal.o
 .debug_macro   0x000000000001a192       0xf6 objdir/stm32f3_hal.o
 .debug_macro   0x000000000001a288       0x1f objdir/stm32f3_hal.o
 .debug_macro   0x000000000001a2a7       0x43 objdir/stm32f3_hal.o
 .debug_macro   0x000000000001a2ea       0x20 objdir/stm32f3_hal.o
 .debug_macro   0x000000000001a30a      0x18e objdir/stm32f3_hal.o
 .debug_macro   0x000000000001a498       0x10 objdir/stm32f3_hal.o
 .debug_macro   0x000000000001a4a8       0x40 objdir/stm32f3_hal.o
 .debug_macro   0x000000000001a4e8       0xd7 objdir/stm32f3_hal.o
 .debug_macro   0x000000000001a5bf       0x50 objdir/stm32f3_hal.o
 .debug_macro   0x000000000001a60f      0x969 objdir/stm32f3_hal.o
 .debug_macro   0x000000000001af78      0x5fe objdir/stm32f3_hal.o
 .debug_macro   0x000000000001b576      0x13a objdir/stm32f3_hal.o
 .debug_macro   0x000000000001b6b0      0x1fb objdir/stm32f3_hal.o
 .debug_macro   0x000000000001b8ab      0x1bc objdir/stm32f3_hal.o
 .debug_macro   0x000000000001ba67       0x31 objdir/stm32f3_hal.o
 .debug_macro   0x000000000001ba98       0x3c objdir/stm32f3_hal.o
 .debug_macro   0x000000000001bad4      0x566 objdir/stm32f3_hal.o
 .debug_macro   0x000000000001c03a       0x2b objdir/stm32f3_hal.o
 .debug_macro   0x000000000001c065      0x313 objdir/stm32f3_hal_lowlevel.o
 .debug_macro   0x000000000001c378       0xcb objdir/stm32f3_hal_lowlevel.o
 .debug_macro   0x000000000001c443      0x22b objdir/stm32f3_hal_lowlevel.o
 .debug_macro   0x000000000001c66e      0x23a objdir/stm32f3_hal_lowlevel.o
 .debug_macro   0x000000000001c8a8      0x1ae objdir/stm32f3_sysmem.o
 .debug_macro   0x000000000001ca56       0x10 objdir/stm32f3_sysmem.o
 .debug_macro   0x000000000001ca66       0x5e objdir/stm32f3_sysmem.o
 .debug_macro   0x000000000001cac4       0x94 objdir/stm32f3_sysmem.o
 .debug_macro   0x000000000001cb58      0x16d objdir/stm32f3_sysmem.o
 .debug_macro   0x000000000001ccc5       0x57 objdir/stm32f3_sysmem.o
 .debug_macro   0x000000000001cd1c      0x23b objdir/stm32f3_sysmem.o
 .debug_macro   0x000000000001cf57       0x35 objdir/stm32f3_sysmem.o

.debug_line     0x0000000000000000     0x31c8
 .debug_line    0x0000000000000000      0x79e objdir/simpleserial-main.o
 .debug_line    0x000000000000079e      0x5e1 objdir/simpleserial.o
 .debug_line    0x0000000000000d7f      0x7bb objdir/stm32f3_hal.o
 .debug_line    0x000000000000153a     0x17da objdir/stm32f3_hal_lowlevel.o
 .debug_line    0x0000000000002d14      0x4b4 objdir/stm32f3_sysmem.o

.debug_str      0x0000000000000000    0xa39c8
 .debug_str     0x0000000000000000     0x7c66 objdir/simpleserial-main.o
                                       0x7e53 (size before relaxing)
 .debug_str     0x0000000000007c66      0x5b0 objdir/simpleserial.o
                                       0x40c3 (size before relaxing)
 .debug_str     0x0000000000008216    0x97ff6 objdir/stm32f3_hal.o
                                      0x9fa31 (size before relaxing)
 .debug_str     0x00000000000a020c     0x32f1 objdir/stm32f3_hal_lowlevel.o
                                      0xa2dfa (size before relaxing)
 .debug_str     0x00000000000a34fd      0x4cb objdir/stm32f3_sysmem.o
                                       0x7a0c (size before relaxing)

.comment        0x0000000000000000       0xac
 .comment       0x0000000000000000       0x44 objdir/simpleserial-main.o
                                         0x45 (size before relaxing)
 .comment       0x0000000000000044       0x68 objdir/simpleserial.o
                                         0x69 (size before relaxing)
 .comment       0x00000000000000ac       0x69 objdir/stm32f3_hal.o
 .comment       0x00000000000000ac       0x69 objdir/stm32f3_hal_lowlevel.o
 .comment       0x00000000000000ac       0x69 objdir/stm32f3_sysmem.o

.debug_frame    0x0000000000000000     0x1214
 .debug_frame   0x0000000000000000       0xa4 objdir/simpleserial-main.o
 .debug_frame   0x00000000000000a4       0xf4 objdir/simpleserial.o
 .debug_frame   0x0000000000000198      0x160 objdir/stm32f3_hal.o
 .debug_frame   0x00000000000002f8      0x31c objdir/stm32f3_hal_lowlevel.o
 .debug_frame   0x0000000000000614       0x38 objdir/stm32f3_sysmem.o
 .debug_frame   0x000000000000064c       0x30 /home/cspl/.local/xPacks/@xpack-dev-tools/arm-none-eabi-gcc/10.2.1-1.1.2/.content/bin/../lib/gcc/arm-none-eabi/10.2.1/../../../../arm-none-eabi/lib/thumb/v7e-m+fp/hard/libg_nano.a(lib_a-atoi.o)
 .debug_frame   0x000000000000067c       0x20 /home/cspl/.local/xPacks/@xpack-dev-tools/arm-none-eabi-gcc/10.2.1-1.1.2/.content/bin/../lib/gcc/arm-none-eabi/10.2.1/../../../../arm-none-eabi/lib/thumb/v7e-m+fp/hard/libg_nano.a(lib_a-errno.o)
 .debug_frame   0x000000000000069c       0x2c /home/cspl/.local/xPacks/@xpack-dev-tools/arm-none-eabi-gcc/10.2.1-1.1.2/.content/bin/../lib/gcc/arm-none-eabi/10.2.1/../../../../arm-none-eabi/lib/thumb/v7e-m+fp/hard/libg_nano.a(lib_a-init.o)
 .debug_frame   0x00000000000006c8       0x30 /home/cspl/.local/xPacks/@xpack-dev-tools/arm-none-eabi-gcc/10.2.1-1.1.2/.content/bin/../lib/gcc/arm-none-eabi/10.2.1/../../../../arm-none-eabi/lib/thumb/v7e-m+fp/hard/libg_nano.a(lib_a-malloc.o)
 .debug_frame   0x00000000000006f8       0x20 /home/cspl/.local/xPacks/@xpack-dev-tools/arm-none-eabi-gcc/10.2.1-1.1.2/.content/bin/../lib/gcc/arm-none-eabi/10.2.1/../../../../arm-none-eabi/lib/thumb/v7e-m+fp/hard/libg_nano.a(lib_a-memset.o)
 .debug_frame   0x0000000000000718       0x38 /home/cspl/.local/xPacks/@xpack-dev-tools/arm-none-eabi-gcc/10.2.1-1.1.2/.content/bin/../lib/gcc/arm-none-eabi/10.2.1/../../../../arm-none-eabi/lib/thumb/v7e-m+fp/hard/libg_nano.a(lib_a-nano-freer.o)
 .debug_frame   0x0000000000000750       0x30 /home/cspl/.local/xPacks/@xpack-dev-tools/arm-none-eabi-gcc/10.2.1-1.1.2/.content/bin/../lib/gcc/arm-none-eabi/10.2.1/../../../../arm-none-eabi/lib/thumb/v7e-m+fp/hard/libg_nano.a(lib_a-nano-mallocr.o)
 .debug_frame   0x0000000000000780       0x2c /home/cspl/.local/xPacks/@xpack-dev-tools/arm-none-eabi-gcc/10.2.1-1.1.2/.content/bin/../lib/gcc/arm-none-eabi/10.2.1/../../../../arm-none-eabi/lib/thumb/v7e-m+fp/hard/libg_nano.a(lib_a-sbrkr.o)
 .debug_frame   0x00000000000007ac       0x38 /home/cspl/.local/xPacks/@xpack-dev-tools/arm-none-eabi-gcc/10.2.1-1.1.2/.content/bin/../lib/gcc/arm-none-eabi/10.2.1/../../../../arm-none-eabi/lib/thumb/v7e-m+fp/hard/libg_nano.a(lib_a-strtok.o)
 .debug_frame   0x00000000000007e4       0x40 /home/cspl/.local/xPacks/@xpack-dev-tools/arm-none-eabi-gcc/10.2.1-1.1.2/.content/bin/../lib/gcc/arm-none-eabi/10.2.1/../../../../arm-none-eabi/lib/thumb/v7e-m+fp/hard/libg_nano.a(lib_a-strtok_r.o)
 .debug_frame   0x0000000000000824       0x64 /home/cspl/.local/xPacks/@xpack-dev-tools/arm-none-eabi-gcc/10.2.1-1.1.2/.content/bin/../lib/gcc/arm-none-eabi/10.2.1/../../../../arm-none-eabi/lib/thumb/v7e-m+fp/hard/libg_nano.a(lib_a-strtol.o)
 .debug_frame   0x0000000000000888       0x40 /home/cspl/.local/xPacks/@xpack-dev-tools/arm-none-eabi-gcc/10.2.1-1.1.2/.content/bin/../lib/gcc/arm-none-eabi/10.2.1/../../../../arm-none-eabi/lib/thumb/v7e-m+fp/hard/libg_nano.a(lib_a-assert.o)
 .debug_frame   0x00000000000008c8       0x64 /home/cspl/.local/xPacks/@xpack-dev-tools/arm-none-eabi-gcc/10.2.1-1.1.2/.content/bin/../lib/gcc/arm-none-eabi/10.2.1/../../../../arm-none-eabi/lib/thumb/v7e-m+fp/hard/libg_nano.a(lib_a-fprintf.o)
 .debug_frame   0x000000000000092c       0x30 /home/cspl/.local/xPacks/@xpack-dev-tools/arm-none-eabi-gcc/10.2.1-1.1.2/.content/bin/../lib/gcc/arm-none-eabi/10.2.1/../../../../arm-none-eabi/lib/thumb/v7e-m+fp/hard/libg_nano.a(lib_a-mlock.o)
 .debug_frame   0x000000000000095c       0xac /home/cspl/.local/xPacks/@xpack-dev-tools/arm-none-eabi-gcc/10.2.1-1.1.2/.content/bin/../lib/gcc/arm-none-eabi/10.2.1/../../../../arm-none-eabi/lib/thumb/v7e-m+fp/hard/libg_nano.a(lib_a-nano-vfprintf.o)
 .debug_frame   0x0000000000000a08       0x5c /home/cspl/.local/xPacks/@xpack-dev-tools/arm-none-eabi-gcc/10.2.1-1.1.2/.content/bin/../lib/gcc/arm-none-eabi/10.2.1/../../../../arm-none-eabi/lib/thumb/v7e-m+fp/hard/libg_nano.a(lib_a-reent.o)
 .debug_frame   0x0000000000000a64       0x40 /home/cspl/.local/xPacks/@xpack-dev-tools/arm-none-eabi-gcc/10.2.1-1.1.2/.content/bin/../lib/gcc/arm-none-eabi/10.2.1/../../../../arm-none-eabi/lib/thumb/v7e-m+fp/hard/libg_nano.a(lib_a-wbuf.o)
 .debug_frame   0x0000000000000aa4       0x2c /home/cspl/.local/xPacks/@xpack-dev-tools/arm-none-eabi-gcc/10.2.1-1.1.2/.content/bin/../lib/gcc/arm-none-eabi/10.2.1/../../../../arm-none-eabi/lib/thumb/v7e-m+fp/hard/libg_nano.a(lib_a-wsetup.o)
 .debug_frame   0x0000000000000ad0       0x28 /home/cspl/.local/xPacks/@xpack-dev-tools/arm-none-eabi-gcc/10.2.1-1.1.2/.content/bin/../lib/gcc/arm-none-eabi/10.2.1/../../../../arm-none-eabi/lib/thumb/v7e-m+fp/hard/libg_nano.a(lib_a-abort.o)
 .debug_frame   0x0000000000000af8       0x5c /home/cspl/.local/xPacks/@xpack-dev-tools/arm-none-eabi-gcc/10.2.1-1.1.2/.content/bin/../lib/gcc/arm-none-eabi/10.2.1/../../../../arm-none-eabi/lib/thumb/v7e-m+fp/hard/libg_nano.a(lib_a-fflush.o)
 .debug_frame   0x0000000000000b54      0x14c /home/cspl/.local/xPacks/@xpack-dev-tools/arm-none-eabi-gcc/10.2.1-1.1.2/.content/bin/../lib/gcc/arm-none-eabi/10.2.1/../../../../arm-none-eabi/lib/thumb/v7e-m+fp/hard/libg_nano.a(lib_a-findfp.o)
 .debug_frame   0x0000000000000ca0       0x54 /home/cspl/.local/xPacks/@xpack-dev-tools/arm-none-eabi-gcc/10.2.1-1.1.2/.content/bin/../lib/gcc/arm-none-eabi/10.2.1/../../../../arm-none-eabi/lib/thumb/v7e-m+fp/hard/libg_nano.a(lib_a-fwalk.o)
 .debug_frame   0x0000000000000cf4       0xb0 /home/cspl/.local/xPacks/@xpack-dev-tools/arm-none-eabi-gcc/10.2.1-1.1.2/.content/bin/../lib/gcc/arm-none-eabi/10.2.1/../../../../arm-none-eabi/lib/thumb/v7e-m+fp/hard/libg_nano.a(lib_a-lock.o)
 .debug_frame   0x0000000000000da4       0x58 /home/cspl/.local/xPacks/@xpack-dev-tools/arm-none-eabi-gcc/10.2.1-1.1.2/.content/bin/../lib/gcc/arm-none-eabi/10.2.1/../../../../arm-none-eabi/lib/thumb/v7e-m+fp/hard/libg_nano.a(lib_a-makebuf.o)
 .debug_frame   0x0000000000000dfc       0x60 /home/cspl/.local/xPacks/@xpack-dev-tools/arm-none-eabi-gcc/10.2.1-1.1.2/.content/bin/../lib/gcc/arm-none-eabi/10.2.1/../../../../arm-none-eabi/lib/thumb/v7e-m+fp/hard/libg_nano.a(lib_a-nano-vfprintf_i.o)
 .debug_frame   0x0000000000000e5c       0xcc /home/cspl/.local/xPacks/@xpack-dev-tools/arm-none-eabi-gcc/10.2.1-1.1.2/.content/bin/../lib/gcc/arm-none-eabi/10.2.1/../../../../arm-none-eabi/lib/thumb/v7e-m+fp/hard/libg_nano.a(lib_a-signal.o)
 .debug_frame   0x0000000000000f28       0x3c /home/cspl/.local/xPacks/@xpack-dev-tools/arm-none-eabi-gcc/10.2.1-1.1.2/.content/bin/../lib/gcc/arm-none-eabi/10.2.1/../../../../arm-none-eabi/lib/thumb/v7e-m+fp/hard/libg_nano.a(lib_a-signalr.o)
 .debug_frame   0x0000000000000f64       0x88 /home/cspl/.local/xPacks/@xpack-dev-tools/arm-none-eabi-gcc/10.2.1-1.1.2/.content/bin/../lib/gcc/arm-none-eabi/10.2.1/../../../../arm-none-eabi/lib/thumb/v7e-m+fp/hard/libg_nano.a(lib_a-stdio.o)
 .debug_frame   0x0000000000000fec       0x2c /home/cspl/.local/xPacks/@xpack-dev-tools/arm-none-eabi-gcc/10.2.1-1.1.2/.content/bin/../lib/gcc/arm-none-eabi/10.2.1/../../../../arm-none-eabi/lib/thumb/v7e-m+fp/hard/libg_nano.a(lib_a-writer.o)
 .debug_frame   0x0000000000001018       0x2c /home/cspl/.local/xPacks/@xpack-dev-tools/arm-none-eabi-gcc/10.2.1-1.1.2/.content/bin/../lib/gcc/arm-none-eabi/10.2.1/../../../../arm-none-eabi/lib/thumb/v7e-m+fp/hard/libg_nano.a(lib_a-closer.o)
 .debug_frame   0x0000000000001044       0x2c /home/cspl/.local/xPacks/@xpack-dev-tools/arm-none-eabi-gcc/10.2.1-1.1.2/.content/bin/../lib/gcc/arm-none-eabi/10.2.1/../../../../arm-none-eabi/lib/thumb/v7e-m+fp/hard/libg_nano.a(lib_a-fstatr.o)
 .debug_frame   0x0000000000001070       0x2c /home/cspl/.local/xPacks/@xpack-dev-tools/arm-none-eabi-gcc/10.2.1-1.1.2/.content/bin/../lib/gcc/arm-none-eabi/10.2.1/../../../../arm-none-eabi/lib/thumb/v7e-m+fp/hard/libg_nano.a(lib_a-isattyr.o)
 .debug_frame   0x000000000000109c       0x2c /home/cspl/.local/xPacks/@xpack-dev-tools/arm-none-eabi-gcc/10.2.1-1.1.2/.content/bin/../lib/gcc/arm-none-eabi/10.2.1/../../../../arm-none-eabi/lib/thumb/v7e-m+fp/hard/libg_nano.a(lib_a-lseekr.o)
 .debug_frame   0x00000000000010c8       0x2c /home/cspl/.local/xPacks/@xpack-dev-tools/arm-none-eabi-gcc/10.2.1-1.1.2/.content/bin/../lib/gcc/arm-none-eabi/10.2.1/../../../../arm-none-eabi/lib/thumb/v7e-m+fp/hard/libg_nano.a(lib_a-readr.o)
 .debug_frame   0x00000000000010f4       0x20 /home/cspl/.local/xPacks/@xpack-dev-tools/arm-none-eabi-gcc/10.2.1-1.1.2/.content/bin/../lib/gcc/arm-none-eabi/10.2.1/../../../../arm-none-eabi/lib/thumb/v7e-m+fp/hard/libnosys.a(close.o)
 .debug_frame   0x0000000000001114       0x20 /home/cspl/.local/xPacks/@xpack-dev-tools/arm-none-eabi-gcc/10.2.1-1.1.2/.content/bin/../lib/gcc/arm-none-eabi/10.2.1/../../../../arm-none-eabi/lib/thumb/v7e-m+fp/hard/libnosys.a(fstat.o)
 .debug_frame   0x0000000000001134       0x20 /home/cspl/.local/xPacks/@xpack-dev-tools/arm-none-eabi-gcc/10.2.1-1.1.2/.content/bin/../lib/gcc/arm-none-eabi/10.2.1/../../../../arm-none-eabi/lib/thumb/v7e-m+fp/hard/libnosys.a(getpid.o)
 .debug_frame   0x0000000000001154       0x20 /home/cspl/.local/xPacks/@xpack-dev-tools/arm-none-eabi-gcc/10.2.1-1.1.2/.content/bin/../lib/gcc/arm-none-eabi/10.2.1/../../../../arm-none-eabi/lib/thumb/v7e-m+fp/hard/libnosys.a(isatty.o)
 .debug_frame   0x0000000000001174       0x20 /home/cspl/.local/xPacks/@xpack-dev-tools/arm-none-eabi-gcc/10.2.1-1.1.2/.content/bin/../lib/gcc/arm-none-eabi/10.2.1/../../../../arm-none-eabi/lib/thumb/v7e-m+fp/hard/libnosys.a(kill.o)
 .debug_frame   0x0000000000001194       0x20 /home/cspl/.local/xPacks/@xpack-dev-tools/arm-none-eabi-gcc/10.2.1-1.1.2/.content/bin/../lib/gcc/arm-none-eabi/10.2.1/../../../../arm-none-eabi/lib/thumb/v7e-m+fp/hard/libnosys.a(lseek.o)
 .debug_frame   0x00000000000011b4       0x20 /home/cspl/.local/xPacks/@xpack-dev-tools/arm-none-eabi-gcc/10.2.1-1.1.2/.content/bin/../lib/gcc/arm-none-eabi/10.2.1/../../../../arm-none-eabi/lib/thumb/v7e-m+fp/hard/libnosys.a(read.o)
 .debug_frame   0x00000000000011d4       0x20 /home/cspl/.local/xPacks/@xpack-dev-tools/arm-none-eabi-gcc/10.2.1-1.1.2/.content/bin/../lib/gcc/arm-none-eabi/10.2.1/../../../../arm-none-eabi/lib/thumb/v7e-m+fp/hard/libnosys.a(write.o)
 .debug_frame   0x00000000000011f4       0x20 /home/cspl/.local/xPacks/@xpack-dev-tools/arm-none-eabi-gcc/10.2.1-1.1.2/.content/bin/../lib/gcc/arm-none-eabi/10.2.1/../../../../arm-none-eabi/lib/thumb/v7e-m+fp/hard/libnosys.a(_exit.o)

.stabstr        0x0000000000000000      0x211
 .stabstr       0x0000000000000000      0x211 objdir/simpleserial-main.o

Cross Reference Table

Symbol                                            File
Alt_Layer_Value                                   objdir/simpleserial-main.o
BusFault_Handler                                  objdir/stm32f3_startup.o
Climb_Inhibit                                     objdir/simpleserial-main.o
Cur_Vertical_Sep                                  objdir/simpleserial-main.o
DebugMon_Handler                                  objdir/stm32f3_startup.o
Default_Handler                                   objdir/stm32f3_startup.o
Down_Separation                                   objdir/simpleserial-main.o
HAL_GPIO_Init                                     objdir/stm32f3_hal_lowlevel.o
                                                  objdir/stm32f3_hal.o
HAL_GPIO_WritePin                                 objdir/stm32f3_hal_lowlevel.o
                                                  objdir/stm32f3_hal.o
HAL_GetTick                                       objdir/stm32f3_hal_lowlevel.o
HAL_IncTick                                       objdir/stm32f3_hal_lowlevel.o
HAL_InitTick                                      objdir/stm32f3_hal_lowlevel.o
HAL_NVIC_SetPriority                              objdir/stm32f3_hal_lowlevel.o
HAL_RCC_ClockConfig                               objdir/stm32f3_hal_lowlevel.o
                                                  objdir/stm32f3_hal.o
HAL_RCC_GetPCLK1Freq                              objdir/stm32f3_hal_lowlevel.o
HAL_RCC_GetPCLK2Freq                              objdir/stm32f3_hal_lowlevel.o
HAL_RCC_GetSysClockFreq                           objdir/stm32f3_hal_lowlevel.o
HAL_RCC_OscConfig                                 objdir/stm32f3_hal_lowlevel.o
                                                  objdir/stm32f3_hal.o
HAL_UART_Init                                     objdir/stm32f3_hal_lowlevel.o
                                                  objdir/stm32f3_hal.o
HAL_UART_Receive                                  objdir/stm32f3_hal_lowlevel.o
                                                  objdir/stm32f3_hal.o
HAL_UART_Transmit                                 objdir/stm32f3_hal_lowlevel.o
                                                  objdir/stm32f3_hal.o
HardFault_Handler                                 objdir/stm32f3_startup.o
High_Confidence                                   objdir/simpleserial-main.o
MAXALTDIFF                                        objdir/simpleserial-main.o
MINSEP                                            objdir/simpleserial-main.o
MemManage_Handler                                 objdir/stm32f3_startup.o
NMI_Handler                                       objdir/stm32f3_startup.o
NOZCROSS                                          objdir/simpleserial-main.o
Non_Crossing_Biased_Climb                         objdir/simpleserial-main.o
Non_Crossing_Biased_Descend                       objdir/simpleserial-main.o
OLEV                                              objdir/simpleserial-main.o
Other_Capability                                  objdir/simpleserial-main.o
Other_RAC                                         objdir/simpleserial-main.o
Other_Tracked_Alt                                 objdir/simpleserial-main.o
Own_Tracked_Alt                                   objdir/simpleserial-main.o
Own_Tracked_Alt_Rate                              objdir/simpleserial-main.o
PendSV_Handler                                    objdir/stm32f3_startup.o
Positive_RA_Alt_Thresh                            objdir/simpleserial-main.o
Reset_Handler                                     objdir/stm32f3_startup.o
SVC_Handler                                       objdir/stm32f3_startup.o
SysTick_Handler                                   objdir/stm32f3_startup.o
SystemCoreClock                                   objdir/stm32f3_hal_lowlevel.o
SystemInit                                        objdir/stm32f3_startup.o
Two_of_Three_Reports_Valid                        objdir/simpleserial-main.o
UART_CheckIdleState                               objdir/stm32f3_hal_lowlevel.o
UART_SetConfig                                    objdir/stm32f3_hal_lowlevel.o
UART_WaitOnFlagUntilTimeout                       objdir/stm32f3_hal_lowlevel.o
UartHandle                                        objdir/stm32f3_hal.o
Up_Separation                                     objdir/simpleserial-main.o
UsageFault_Handler                                objdir/stm32f3_startup.o
__assert                                          /home/cspl/.local/xPacks/@xpack-dev-tools/arm-none-eabi-gcc/10.2.1-1.1.2/.content/bin/../lib/gcc/arm-none-eabi/10.2.1/../../../../arm-none-eabi/lib/thumb/v7e-m+fp/hard/libg_nano.a(lib_a-assert.o)
__assert_func                                     /home/cspl/.local/xPacks/@xpack-dev-tools/arm-none-eabi-gcc/10.2.1-1.1.2/.content/bin/../lib/gcc/arm-none-eabi/10.2.1/../../../../arm-none-eabi/lib/thumb/v7e-m+fp/hard/libg_nano.a(lib_a-assert.o)
                                                  /home/cspl/.local/xPacks/@xpack-dev-tools/arm-none-eabi-gcc/10.2.1-1.1.2/.content/bin/../lib/gcc/arm-none-eabi/10.2.1/../../../../arm-none-eabi/lib/thumb/v7e-m+fp/hard/libg_nano.a(lib_a-strtok.o)
__bss_end__                                       /home/cspl/.local/xPacks/@xpack-dev-tools/arm-none-eabi-gcc/10.2.1-1.1.2/.content/bin/../lib/gcc/arm-none-eabi/10.2.1/../../../../arm-none-eabi/lib/thumb/v7e-m+fp/hard/crt0.o
__bss_start__                                     /home/cspl/.local/xPacks/@xpack-dev-tools/arm-none-eabi-gcc/10.2.1-1.1.2/.content/bin/../lib/gcc/arm-none-eabi/10.2.1/../../../../arm-none-eabi/lib/thumb/v7e-m+fp/hard/crt0.o
__call_exitprocs                                  /home/cspl/.local/xPacks/@xpack-dev-tools/arm-none-eabi-gcc/10.2.1-1.1.2/.content/bin/../lib/gcc/arm-none-eabi/10.2.1/../../../../arm-none-eabi/lib/thumb/v7e-m+fp/hard/libg_nano.a(lib_a-exit.o)
__deregister_frame_info                           /home/cspl/.local/xPacks/@xpack-dev-tools/arm-none-eabi-gcc/10.2.1-1.1.2/.content/bin/../lib/gcc/arm-none-eabi/10.2.1/thumb/v7e-m+fp/hard/crtbegin.o
__dso_handle                                      /home/cspl/.local/xPacks/@xpack-dev-tools/arm-none-eabi-gcc/10.2.1-1.1.2/.content/bin/../lib/gcc/arm-none-eabi/10.2.1/thumb/v7e-m+fp/hard/crtbegin.o
__errno                                           /home/cspl/.local/xPacks/@xpack-dev-tools/arm-none-eabi-gcc/10.2.1-1.1.2/.content/bin/../lib/gcc/arm-none-eabi/10.2.1/../../../../arm-none-eabi/lib/thumb/v7e-m+fp/hard/libg_nano.a(lib_a-errno.o)
                                                  /home/cspl/.local/xPacks/@xpack-dev-tools/arm-none-eabi-gcc/10.2.1-1.1.2/.content/bin/../lib/gcc/arm-none-eabi/10.2.1/../../../../arm-none-eabi/lib/thumb/v7e-m+fp/hard/libg_nano.a(lib_a-strtol.o)
                                                  objdir/stm32f3_sysmem.o
__fp_lock_all                                     /home/cspl/.local/xPacks/@xpack-dev-tools/arm-none-eabi-gcc/10.2.1-1.1.2/.content/bin/../lib/gcc/arm-none-eabi/10.2.1/../../../../arm-none-eabi/lib/thumb/v7e-m+fp/hard/libg_nano.a(lib_a-findfp.o)
__fp_unlock_all                                   /home/cspl/.local/xPacks/@xpack-dev-tools/arm-none-eabi-gcc/10.2.1-1.1.2/.content/bin/../lib/gcc/arm-none-eabi/10.2.1/../../../../arm-none-eabi/lib/thumb/v7e-m+fp/hard/libg_nano.a(lib_a-findfp.o)
__init_array_end                                  /home/cspl/.local/xPacks/@xpack-dev-tools/arm-none-eabi-gcc/10.2.1-1.1.2/.content/bin/../lib/gcc/arm-none-eabi/10.2.1/../../../../arm-none-eabi/lib/thumb/v7e-m+fp/hard/libg_nano.a(lib_a-init.o)
__init_array_start                                /home/cspl/.local/xPacks/@xpack-dev-tools/arm-none-eabi-gcc/10.2.1-1.1.2/.content/bin/../lib/gcc/arm-none-eabi/10.2.1/../../../../arm-none-eabi/lib/thumb/v7e-m+fp/hard/libg_nano.a(lib_a-init.o)
__libc_fini_array                                 /home/cspl/.local/xPacks/@xpack-dev-tools/arm-none-eabi-gcc/10.2.1-1.1.2/.content/bin/../lib/gcc/arm-none-eabi/10.2.1/../../../../arm-none-eabi/lib/thumb/v7e-m+fp/hard/crt0.o
__libc_init_array                                 /home/cspl/.local/xPacks/@xpack-dev-tools/arm-none-eabi-gcc/10.2.1-1.1.2/.content/bin/../lib/gcc/arm-none-eabi/10.2.1/../../../../arm-none-eabi/lib/thumb/v7e-m+fp/hard/libg_nano.a(lib_a-init.o)
                                                  objdir/stm32f3_startup.o
                                                  /home/cspl/.local/xPacks/@xpack-dev-tools/arm-none-eabi-gcc/10.2.1-1.1.2/.content/bin/../lib/gcc/arm-none-eabi/10.2.1/../../../../arm-none-eabi/lib/thumb/v7e-m+fp/hard/crt0.o
__lock___arc4random_mutex                         /home/cspl/.local/xPacks/@xpack-dev-tools/arm-none-eabi-gcc/10.2.1-1.1.2/.content/bin/../lib/gcc/arm-none-eabi/10.2.1/../../../../arm-none-eabi/lib/thumb/v7e-m+fp/hard/libg_nano.a(lib_a-lock.o)
__lock___at_quick_exit_mutex                      /home/cspl/.local/xPacks/@xpack-dev-tools/arm-none-eabi-gcc/10.2.1-1.1.2/.content/bin/../lib/gcc/arm-none-eabi/10.2.1/../../../../arm-none-eabi/lib/thumb/v7e-m+fp/hard/libg_nano.a(lib_a-lock.o)