   1              		.cpu cortex-m4
   2              		.eabi_attribute 27, 1
   3              		.eabi_attribute 28, 1
   4              		.eabi_attribute 20, 1
   5              		.eabi_attribute 21, 1
   6              		.eabi_attribute 23, 3
   7              		.eabi_attribute 24, 1
   8              		.eabi_attribute 25, 1
   9              		.eabi_attribute 26, 1
  10              		.eabi_attribute 30, 6
  11              		.eabi_attribute 34, 1
  12              		.eabi_attribute 18, 4
  13              		.file	"stm32f3_hal.c"
  14              		.text
  15              	.Ltext0:
  16              		.cfi_sections	.debug_frame
  17              		.comm	UartHandle,112,4
  18              		.section	.text.platform_init,"ax",%progbits
  19              		.align	1
  20              		.global	platform_init
  21              		.arch armv7e-m
  22              		.syntax unified
  23              		.thumb
  24              		.thumb_func
  25              		.fpu fpv4-sp-d16
  27              	platform_init:
  28              	.LFB126:
  29              		.file 1 ".././hal/stm32f3/stm32f3_hal.c"
   1:.././hal/stm32f3/stm32f3_hal.c **** 
   2:.././hal/stm32f3/stm32f3_hal.c **** #include "stm32f3_hal.h"
   3:.././hal/stm32f3/stm32f3_hal.c **** #include "stm32f3_hal_lowlevel.h"
   4:.././hal/stm32f3/stm32f3_hal.c **** #include "stm32f3xx_hal_rcc.h"
   5:.././hal/stm32f3/stm32f3_hal.c **** #include "stm32f3xx_hal_gpio.h"
   6:.././hal/stm32f3/stm32f3_hal.c **** #include "stm32f3xx_hal_dma.h"
   7:.././hal/stm32f3/stm32f3_hal.c **** #include "stm32f3xx_hal_uart.h"
   8:.././hal/stm32f3/stm32f3_hal.c **** 
   9:.././hal/stm32f3/stm32f3_hal.c **** UART_HandleTypeDef UartHandle;
  10:.././hal/stm32f3/stm32f3_hal.c **** 
  11:.././hal/stm32f3/stm32f3_hal.c **** 
  12:.././hal/stm32f3/stm32f3_hal.c **** void platform_init(void)
  13:.././hal/stm32f3/stm32f3_hal.c **** {
  30              		.loc 1 13 1
  31              		.cfi_startproc
  32              		@ args = 0, pretend = 0, frame = 88
  33              		@ frame_needed = 1, uses_anonymous_args = 0
  34 0000 80B5     		push	{r7, lr}
  35              	.LCFI0:
  36              		.cfi_def_cfa_offset 8
  37              		.cfi_offset 7, -8
  38              		.cfi_offset 14, -4
  39 0002 96B0     		sub	sp, sp, #88
  40              	.LCFI1:
  41              		.cfi_def_cfa_offset 96
  42 0004 00AF     		add	r7, sp, #0
  43              	.LCFI2:
  44              		.cfi_def_cfa_register 7
  14:.././hal/stm32f3/stm32f3_hal.c ****   //HAL_Init();
  15:.././hal/stm32f3/stm32f3_hal.c **** 
  16:.././hal/stm32f3/stm32f3_hal.c ****   RCC_OscInitTypeDef RCC_OscInitStruct;
  17:.././hal/stm32f3/stm32f3_hal.c ****   RCC_OscInitStruct.OscillatorType = RCC_OSCILLATORTYPE_HSE | RCC_OSCILLATORTYPE_HSI;
  45              		.loc 1 17 36
  46 0006 0323     		movs	r3, #3
  47 0008 FB62     		str	r3, [r7, #44]
  18:.././hal/stm32f3/stm32f3_hal.c ****   RCC_OscInitStruct.HSEState       = RCC_HSE_BYPASS;
  48              		.loc 1 18 36
  49 000a 4FF4A023 		mov	r3, #327680
  50 000e 3B63     		str	r3, [r7, #48]
  19:.././hal/stm32f3/stm32f3_hal.c ****   RCC_OscInitStruct.HSIState       = RCC_HSI_OFF;
  51              		.loc 1 19 36
  52 0010 0023     		movs	r3, #0
  53 0012 FB63     		str	r3, [r7, #60]
  20:.././hal/stm32f3/stm32f3_hal.c ****   RCC_OscInitStruct.PLL.PLLSource  = RCC_PLL_NONE;
  54              		.loc 1 20 36
  55 0014 0023     		movs	r3, #0
  56 0016 FB64     		str	r3, [r7, #76]
  21:.././hal/stm32f3/stm32f3_hal.c ****   HAL_RCC_OscConfig(&RCC_OscInitStruct);
  57              		.loc 1 21 3
  58 0018 07F12C03 		add	r3, r7, #44
  59 001c 1846     		mov	r0, r3
  60 001e FFF7FEFF 		bl	HAL_RCC_OscConfig
  22:.././hal/stm32f3/stm32f3_hal.c **** 
  23:.././hal/stm32f3/stm32f3_hal.c ****   RCC_ClkInitTypeDef RCC_ClkInitStruct;
  24:.././hal/stm32f3/stm32f3_hal.c ****   RCC_ClkInitStruct.ClockType      = (RCC_CLOCKTYPE_SYSCLK | RCC_CLOCKTYPE_HCLK | RCC_CLOCKTYPE_PCL
  61              		.loc 1 24 36
  62 0022 0F23     		movs	r3, #15
  63 0024 BB61     		str	r3, [r7, #24]
  25:.././hal/stm32f3/stm32f3_hal.c ****   RCC_ClkInitStruct.SYSCLKSource   = RCC_SYSCLKSOURCE_HSE;
  64              		.loc 1 25 36
  65 0026 0123     		movs	r3, #1
  66 0028 FB61     		str	r3, [r7, #28]
  26:.././hal/stm32f3/stm32f3_hal.c ****   RCC_ClkInitStruct.AHBCLKDivider  = RCC_SYSCLK_DIV1;
  67              		.loc 1 26 36
  68 002a 0023     		movs	r3, #0
  69 002c 3B62     		str	r3, [r7, #32]
  27:.././hal/stm32f3/stm32f3_hal.c ****   RCC_ClkInitStruct.APB1CLKDivider = RCC_HCLK_DIV1;
  70              		.loc 1 27 36
  71 002e 0023     		movs	r3, #0
  72 0030 7B62     		str	r3, [r7, #36]
  28:.././hal/stm32f3/stm32f3_hal.c ****   RCC_ClkInitStruct.APB2CLKDivider = RCC_HCLK_DIV1;
  73              		.loc 1 28 36
  74 0032 0023     		movs	r3, #0
  75 0034 BB62     		str	r3, [r7, #40]
  29:.././hal/stm32f3/stm32f3_hal.c ****   uint32_t flash_latency = 0;
  76              		.loc 1 29 12
  77 0036 0023     		movs	r3, #0
  78 0038 7B65     		str	r3, [r7, #84]
  30:.././hal/stm32f3/stm32f3_hal.c ****   HAL_RCC_ClockConfig(&RCC_ClkInitStruct, flash_latency);
  79              		.loc 1 30 3
  80 003a 07F11803 		add	r3, r7, #24
  81 003e 796D     		ldr	r1, [r7, #84]
  82 0040 1846     		mov	r0, r3
  83 0042 FFF7FEFF 		bl	HAL_RCC_ClockConfig
  84              	.LBB2:
  31:.././hal/stm32f3/stm32f3_hal.c **** 
  32:.././hal/stm32f3/stm32f3_hal.c **** 
  33:.././hal/stm32f3/stm32f3_hal.c **** 
  34:.././hal/stm32f3/stm32f3_hal.c **** #if (PLATFORM==CWLITEARM)
  35:.././hal/stm32f3/stm32f3_hal.c ****   __HAL_RCC_GPIOC_CLK_ENABLE();
  85              		.loc 1 35 3
  86 0046 154B     		ldr	r3, .L2
  87 0048 5B69     		ldr	r3, [r3, #20]
  88 004a 144A     		ldr	r2, .L2
  89 004c 43F40023 		orr	r3, r3, #524288
  90 0050 5361     		str	r3, [r2, #20]
  91 0052 124B     		ldr	r3, .L2
  92 0054 5B69     		ldr	r3, [r3, #20]
  93 0056 03F40023 		and	r3, r3, #524288
  94 005a 3B60     		str	r3, [r7]
  95 005c 3B68     		ldr	r3, [r7]
  96              	.LBE2:
  36:.././hal/stm32f3/stm32f3_hal.c ****   GPIO_InitTypeDef GpioInit;
  37:.././hal/stm32f3/stm32f3_hal.c ****   GpioInit.Pin       = GPIO_PIN_13 | GPIO_PIN_14;
  97              		.loc 1 37 22
  98 005e 4FF4C043 		mov	r3, #24576
  99 0062 7B60     		str	r3, [r7, #4]
  38:.././hal/stm32f3/stm32f3_hal.c ****   GpioInit.Mode      = GPIO_MODE_OUTPUT_PP;
 100              		.loc 1 38 22
 101 0064 0123     		movs	r3, #1
 102 0066 BB60     		str	r3, [r7, #8]
  39:.././hal/stm32f3/stm32f3_hal.c ****   GpioInit.Pull      = GPIO_NOPULL;
 103              		.loc 1 39 22
 104 0068 0023     		movs	r3, #0
 105 006a FB60     		str	r3, [r7, #12]
  40:.././hal/stm32f3/stm32f3_hal.c ****   GpioInit.Speed     = GPIO_SPEED_FREQ_HIGH;
 106              		.loc 1 40 22
 107 006c 0323     		movs	r3, #3
 108 006e 3B61     		str	r3, [r7, #16]
  41:.././hal/stm32f3/stm32f3_hal.c ****   HAL_GPIO_Init(GPIOC, &GpioInit);
 109              		.loc 1 41 3
 110 0070 3B1D     		adds	r3, r7, #4
 111 0072 1946     		mov	r1, r3
 112 0074 0A48     		ldr	r0, .L2+4
 113 0076 FFF7FEFF 		bl	HAL_GPIO_Init
  42:.././hal/stm32f3/stm32f3_hal.c **** 
  43:.././hal/stm32f3/stm32f3_hal.c ****   HAL_GPIO_WritePin(GPIOC, GPIO_PIN_13, SET);
 114              		.loc 1 43 3
 115 007a 0122     		movs	r2, #1
 116 007c 4FF40051 		mov	r1, #8192
 117 0080 0748     		ldr	r0, .L2+4
 118 0082 FFF7FEFF 		bl	HAL_GPIO_WritePin
  44:.././hal/stm32f3/stm32f3_hal.c ****   HAL_GPIO_WritePin(GPIOC, GPIO_PIN_14, SET);
 119              		.loc 1 44 3
 120 0086 0122     		movs	r2, #1
 121 0088 4FF48041 		mov	r1, #16384
 122 008c 0448     		ldr	r0, .L2+4
 123 008e FFF7FEFF 		bl	HAL_GPIO_WritePin
  45:.././hal/stm32f3/stm32f3_hal.c **** #endif
  46:.././hal/stm32f3/stm32f3_hal.c **** }
 124              		.loc 1 46 1
 125 0092 00BF     		nop
 126 0094 5837     		adds	r7, r7, #88
 127              	.LCFI3:
 128              		.cfi_def_cfa_offset 8
 129 0096 BD46     		mov	sp, r7
 130              	.LCFI4:
 131              		.cfi_def_cfa_register 13
 132              		@ sp needed
 133 0098 80BD     		pop	{r7, pc}
 134              	.L3:
 135 009a 00BF     		.align	2
 136              	.L2:
 137 009c 00100240 		.word	1073876992
 138 00a0 00080048 		.word	1207961600
 139              		.cfi_endproc
 140              	.LFE126:
 142              		.section	.text.init_uart,"ax",%progbits
 143              		.align	1
 144              		.global	init_uart
 145              		.syntax unified
 146              		.thumb
 147              		.thumb_func
 148              		.fpu fpv4-sp-d16
 150              	init_uart:
 151              	.LFB127:
  47:.././hal/stm32f3/stm32f3_hal.c **** 
  48:.././hal/stm32f3/stm32f3_hal.c **** void init_uart(void)
  49:.././hal/stm32f3/stm32f3_hal.c **** {
 152              		.loc 1 49 1
 153              		.cfi_startproc
 154              		@ args = 0, pretend = 0, frame = 32
 155              		@ frame_needed = 1, uses_anonymous_args = 0
 156 0000 80B5     		push	{r7, lr}
 157              	.LCFI5:
 158              		.cfi_def_cfa_offset 8
 159              		.cfi_offset 7, -8
 160              		.cfi_offset 14, -4
 161 0002 88B0     		sub	sp, sp, #32
 162              	.LCFI6:
 163              		.cfi_def_cfa_offset 40
 164 0004 00AF     		add	r7, sp, #0
 165              	.LCFI7:
 166              		.cfi_def_cfa_register 7
  50:.././hal/stm32f3/stm32f3_hal.c ****   GPIO_InitTypeDef GpioInit;
  51:.././hal/stm32f3/stm32f3_hal.c ****   GpioInit.Pin       = GPIO_PIN_9 | GPIO_PIN_10;
 167              		.loc 1 51 22
 168 0006 4FF4C063 		mov	r3, #1536
 169 000a FB60     		str	r3, [r7, #12]
  52:.././hal/stm32f3/stm32f3_hal.c ****   GpioInit.Mode      = GPIO_MODE_AF_PP;
 170              		.loc 1 52 22
 171 000c 0223     		movs	r3, #2
 172 000e 3B61     		str	r3, [r7, #16]
  53:.././hal/stm32f3/stm32f3_hal.c ****   GpioInit.Pull      = GPIO_PULLUP;
 173              		.loc 1 53 22
 174 0010 0123     		movs	r3, #1
 175 0012 7B61     		str	r3, [r7, #20]
  54:.././hal/stm32f3/stm32f3_hal.c ****   GpioInit.Speed     = GPIO_SPEED_FREQ_HIGH;
 176              		.loc 1 54 22
 177 0014 0323     		movs	r3, #3
 178 0016 BB61     		str	r3, [r7, #24]
  55:.././hal/stm32f3/stm32f3_hal.c ****   GpioInit.Alternate = GPIO_AF7_USART1;
 179              		.loc 1 55 22
 180 0018 0723     		movs	r3, #7
 181 001a FB61     		str	r3, [r7, #28]
 182              	.LBB3:
  56:.././hal/stm32f3/stm32f3_hal.c ****   __GPIOA_CLK_ENABLE();
 183              		.loc 1 56 3
 184 001c 1D4B     		ldr	r3, .L5
 185 001e 5B69     		ldr	r3, [r3, #20]
 186 0020 1C4A     		ldr	r2, .L5
 187 0022 43F40033 		orr	r3, r3, #131072
 188 0026 5361     		str	r3, [r2, #20]
 189 0028 1A4B     		ldr	r3, .L5
 190 002a 5B69     		ldr	r3, [r3, #20]
 191 002c 03F40033 		and	r3, r3, #131072
 192 0030 BB60     		str	r3, [r7, #8]
 193 0032 BB68     		ldr	r3, [r7, #8]
 194              	.LBE3:
  57:.././hal/stm32f3/stm32f3_hal.c ****   HAL_GPIO_Init(GPIOA, &GpioInit);
 195              		.loc 1 57 3
 196 0034 07F10C03 		add	r3, r7, #12
 197 0038 1946     		mov	r1, r3
 198 003a 4FF09040 		mov	r0, #1207959552
 199 003e FFF7FEFF 		bl	HAL_GPIO_Init
  58:.././hal/stm32f3/stm32f3_hal.c **** 
  59:.././hal/stm32f3/stm32f3_hal.c ****   UartHandle.Instance        = USART1;
 200              		.loc 1 59 30
 201 0042 154B     		ldr	r3, .L5+4
 202 0044 154A     		ldr	r2, .L5+8
 203 0046 1A60     		str	r2, [r3]
  60:.././hal/stm32f3/stm32f3_hal.c ****   // UartHandle.Init.BaudRate   = 38400;
  61:.././hal/stm32f3/stm32f3_hal.c ****   UartHandle.Init.BaudRate   = 115200;
 204              		.loc 1 61 30
 205 0048 134B     		ldr	r3, .L5+4
 206 004a 4FF4E132 		mov	r2, #115200
 207 004e 5A60     		str	r2, [r3, #4]
  62:.././hal/stm32f3/stm32f3_hal.c ****   UartHandle.Init.WordLength = UART_WORDLENGTH_8B;
 208              		.loc 1 62 30
 209 0050 114B     		ldr	r3, .L5+4
 210 0052 0022     		movs	r2, #0
 211 0054 9A60     		str	r2, [r3, #8]
  63:.././hal/stm32f3/stm32f3_hal.c ****   UartHandle.Init.StopBits   = UART_STOPBITS_1;
 212              		.loc 1 63 30
 213 0056 104B     		ldr	r3, .L5+4
 214 0058 0022     		movs	r2, #0
 215 005a DA60     		str	r2, [r3, #12]
  64:.././hal/stm32f3/stm32f3_hal.c ****   UartHandle.Init.Parity     = UART_PARITY_NONE;
 216              		.loc 1 64 30
 217 005c 0E4B     		ldr	r3, .L5+4
 218 005e 0022     		movs	r2, #0
 219 0060 1A61     		str	r2, [r3, #16]
  65:.././hal/stm32f3/stm32f3_hal.c ****   UartHandle.Init.HwFlowCtl  = UART_HWCONTROL_NONE;
 220              		.loc 1 65 30
 221 0062 0D4B     		ldr	r3, .L5+4
 222 0064 0022     		movs	r2, #0
 223 0066 9A61     		str	r2, [r3, #24]
  66:.././hal/stm32f3/stm32f3_hal.c ****   UartHandle.Init.Mode       = UART_MODE_TX_RX;
 224              		.loc 1 66 30
 225 0068 0B4B     		ldr	r3, .L5+4
 226 006a 0C22     		movs	r2, #12
 227 006c 5A61     		str	r2, [r3, #20]
 228              	.LBB4:
  67:.././hal/stm32f3/stm32f3_hal.c ****   __USART1_CLK_ENABLE();
 229              		.loc 1 67 3
 230 006e 094B     		ldr	r3, .L5
 231 0070 9B69     		ldr	r3, [r3, #24]
 232 0072 084A     		ldr	r2, .L5
 233 0074 43F48043 		orr	r3, r3, #16384
 234 0078 9361     		str	r3, [r2, #24]
 235 007a 064B     		ldr	r3, .L5
 236 007c 9B69     		ldr	r3, [r3, #24]
 237 007e 03F48043 		and	r3, r3, #16384
 238 0082 7B60     		str	r3, [r7, #4]
 239 0084 7B68     		ldr	r3, [r7, #4]
 240              	.LBE4:
  68:.././hal/stm32f3/stm32f3_hal.c ****   HAL_UART_Init(&UartHandle);
 241              		.loc 1 68 3
 242 0086 0448     		ldr	r0, .L5+4
 243 0088 FFF7FEFF 		bl	HAL_UART_Init
  69:.././hal/stm32f3/stm32f3_hal.c **** }
 244              		.loc 1 69 1
 245 008c 00BF     		nop
 246 008e 2037     		adds	r7, r7, #32
 247              	.LCFI8:
 248              		.cfi_def_cfa_offset 8
 249 0090 BD46     		mov	sp, r7
 250              	.LCFI9:
 251              		.cfi_def_cfa_register 13
 252              		@ sp needed
 253 0092 80BD     		pop	{r7, pc}
 254              	.L6:
 255              		.align	2
 256              	.L5:
 257 0094 00100240 		.word	1073876992
 258 0098 00000000 		.word	UartHandle
 259 009c 00380140 		.word	1073821696
 260              		.cfi_endproc
 261              	.LFE127:
 263              		.section	.text.trigger_setup,"ax",%progbits
 264              		.align	1
 265              		.global	trigger_setup
 266              		.syntax unified
 267              		.thumb
 268              		.thumb_func
 269              		.fpu fpv4-sp-d16
 271              	trigger_setup:
 272              	.LFB128:
  70:.././hal/stm32f3/stm32f3_hal.c **** 
  71:.././hal/stm32f3/stm32f3_hal.c **** void trigger_setup(void)
  72:.././hal/stm32f3/stm32f3_hal.c **** {
 273              		.loc 1 72 1
 274              		.cfi_startproc
 275              		@ args = 0, pretend = 0, frame = 24
 276              		@ frame_needed = 1, uses_anonymous_args = 0
 277 0000 80B5     		push	{r7, lr}
 278              	.LCFI10:
 279              		.cfi_def_cfa_offset 8
 280              		.cfi_offset 7, -8
 281              		.cfi_offset 14, -4
 282 0002 86B0     		sub	sp, sp, #24
 283              	.LCFI11:
 284              		.cfi_def_cfa_offset 32
 285 0004 00AF     		add	r7, sp, #0
 286              	.LCFI12:
 287              		.cfi_def_cfa_register 7
 288              	.LBB5:
  73:.././hal/stm32f3/stm32f3_hal.c ****   __HAL_RCC_GPIOA_CLK_ENABLE();
 289              		.loc 1 73 3
 290 0006 134B     		ldr	r3, .L8
 291 0008 5B69     		ldr	r3, [r3, #20]
 292 000a 124A     		ldr	r2, .L8
 293 000c 43F40033 		orr	r3, r3, #131072
 294 0010 5361     		str	r3, [r2, #20]
 295 0012 104B     		ldr	r3, .L8
 296 0014 5B69     		ldr	r3, [r3, #20]
 297 0016 03F40033 		and	r3, r3, #131072
 298 001a 3B60     		str	r3, [r7]
 299 001c 3B68     		ldr	r3, [r7]
 300              	.LBE5:
  74:.././hal/stm32f3/stm32f3_hal.c **** 
  75:.././hal/stm32f3/stm32f3_hal.c ****   GPIO_InitTypeDef GpioInit;
  76:.././hal/stm32f3/stm32f3_hal.c ****   GpioInit.Pin       = GPIO_PIN_12;
 301              		.loc 1 76 22
 302 001e 4FF48053 		mov	r3, #4096
 303 0022 7B60     		str	r3, [r7, #4]
  77:.././hal/stm32f3/stm32f3_hal.c ****   GpioInit.Mode      = GPIO_MODE_OUTPUT_PP;
 304              		.loc 1 77 22
 305 0024 0123     		movs	r3, #1
 306 0026 BB60     		str	r3, [r7, #8]
  78:.././hal/stm32f3/stm32f3_hal.c ****   GpioInit.Pull      = GPIO_NOPULL;
 307              		.loc 1 78 22
 308 0028 0023     		movs	r3, #0
 309 002a FB60     		str	r3, [r7, #12]
  79:.././hal/stm32f3/stm32f3_hal.c ****   GpioInit.Speed     = GPIO_SPEED_FREQ_HIGH;
 310              		.loc 1 79 22
 311 002c 0323     		movs	r3, #3
 312 002e 3B61     		str	r3, [r7, #16]
  80:.././hal/stm32f3/stm32f3_hal.c ****   HAL_GPIO_Init(GPIOA, &GpioInit);
 313              		.loc 1 80 3
 314 0030 3B1D     		adds	r3, r7, #4
 315 0032 1946     		mov	r1, r3
 316 0034 4FF09040 		mov	r0, #1207959552
 317 0038 FFF7FEFF 		bl	HAL_GPIO_Init
  81:.././hal/stm32f3/stm32f3_hal.c **** 
  82:.././hal/stm32f3/stm32f3_hal.c ****   HAL_GPIO_WritePin(GPIOA, GPIO_PIN_12, RESET);
 318              		.loc 1 82 3
 319 003c 0022     		movs	r2, #0
 320 003e 4FF48051 		mov	r1, #4096
 321 0042 4FF09040 		mov	r0, #1207959552
 322 0046 FFF7FEFF 		bl	HAL_GPIO_WritePin
  83:.././hal/stm32f3/stm32f3_hal.c **** }
 323              		.loc 1 83 1
 324 004a 00BF     		nop
 325 004c 1837     		adds	r7, r7, #24
 326              	.LCFI13:
 327              		.cfi_def_cfa_offset 8
 328 004e BD46     		mov	sp, r7
 329              	.LCFI14:
 330              		.cfi_def_cfa_register 13
 331              		@ sp needed
 332 0050 80BD     		pop	{r7, pc}
 333              	.L9:
 334 0052 00BF     		.align	2
 335              	.L8:
 336 0054 00100240 		.word	1073876992
 337              		.cfi_endproc
 338              	.LFE128:
 340              		.section	.text.trigger_high,"ax",%progbits
 341              		.align	1
 342              		.global	trigger_high
 343              		.syntax unified
 344              		.thumb
 345              		.thumb_func
 346              		.fpu fpv4-sp-d16
 348              	trigger_high:
 349              	.LFB129:
  84:.././hal/stm32f3/stm32f3_hal.c **** 
  85:.././hal/stm32f3/stm32f3_hal.c **** void trigger_high(void)
  86:.././hal/stm32f3/stm32f3_hal.c **** {
 350              		.loc 1 86 1
 351              		.cfi_startproc
 352              		@ args = 0, pretend = 0, frame = 0
 353              		@ frame_needed = 1, uses_anonymous_args = 0
 354 0000 80B5     		push	{r7, lr}
 355              	.LCFI15:
 356              		.cfi_def_cfa_offset 8
 357              		.cfi_offset 7, -8
 358              		.cfi_offset 14, -4
 359 0002 00AF     		add	r7, sp, #0
 360              	.LCFI16:
 361              		.cfi_def_cfa_register 7
  87:.././hal/stm32f3/stm32f3_hal.c ****   HAL_GPIO_WritePin(GPIOA, GPIO_PIN_12, SET);
 362              		.loc 1 87 3
 363 0004 0122     		movs	r2, #1
 364 0006 4FF48051 		mov	r1, #4096
 365 000a 4FF09040 		mov	r0, #1207959552
 366 000e FFF7FEFF 		bl	HAL_GPIO_WritePin
  88:.././hal/stm32f3/stm32f3_hal.c **** }
 367              		.loc 1 88 1
 368 0012 00BF     		nop
 369 0014 80BD     		pop	{r7, pc}
 370              		.cfi_endproc
 371              	.LFE129:
 373              		.section	.text.trigger_low,"ax",%progbits
 374              		.align	1
 375              		.global	trigger_low
 376              		.syntax unified
 377              		.thumb
 378              		.thumb_func
 379              		.fpu fpv4-sp-d16
 381              	trigger_low:
 382              	.LFB130:
  89:.././hal/stm32f3/stm32f3_hal.c **** 
  90:.././hal/stm32f3/stm32f3_hal.c **** void trigger_low(void)
  91:.././hal/stm32f3/stm32f3_hal.c **** {
 383              		.loc 1 91 1
 384              		.cfi_startproc
 385              		@ args = 0, pretend = 0, frame = 0
 386              		@ frame_needed = 1, uses_anonymous_args = 0
 387 0000 80B5     		push	{r7, lr}
 388              	.LCFI17:
 389              		.cfi_def_cfa_offset 8
 390              		.cfi_offset 7, -8
 391              		.cfi_offset 14, -4
 392 0002 00AF     		add	r7, sp, #0
 393              	.LCFI18:
 394              		.cfi_def_cfa_register 7
  92:.././hal/stm32f3/stm32f3_hal.c ****   HAL_GPIO_WritePin(GPIOA, GPIO_PIN_12, RESET);
 395              		.loc 1 92 3
 396 0004 0022     		movs	r2, #0
 397 0006 4FF48051 		mov	r1, #4096
 398 000a 4FF09040 		mov	r0, #1207959552
 399 000e FFF7FEFF 		bl	HAL_GPIO_WritePin
  93:.././hal/stm32f3/stm32f3_hal.c **** }
 400              		.loc 1 93 1
 401 0012 00BF     		nop
 402 0014 80BD     		pop	{r7, pc}
 403              		.cfi_endproc
 404              	.LFE130:
 406              		.section	.text.getch,"ax",%progbits
 407              		.align	1
 408              		.global	getch
 409              		.syntax unified
 410              		.thumb
 411              		.thumb_func
 412              		.fpu fpv4-sp-d16
 414              	getch:
 415              	.LFB131:
  94:.././hal/stm32f3/stm32f3_hal.c **** 
  95:.././hal/stm32f3/stm32f3_hal.c **** char getch(void)
  96:.././hal/stm32f3/stm32f3_hal.c **** {
 416              		.loc 1 96 1
 417              		.cfi_startproc
 418              		@ args = 0, pretend = 0, frame = 8
 419              		@ frame_needed = 1, uses_anonymous_args = 0
 420 0000 80B5     		push	{r7, lr}
 421              	.LCFI19:
 422              		.cfi_def_cfa_offset 8
 423              		.cfi_offset 7, -8
 424              		.cfi_offset 14, -4
 425 0002 82B0     		sub	sp, sp, #8
 426              	.LCFI20:
 427              		.cfi_def_cfa_offset 16
 428 0004 00AF     		add	r7, sp, #0
 429              	.LCFI21:
 430              		.cfi_def_cfa_register 7
  97:.././hal/stm32f3/stm32f3_hal.c ****   uint8_t d;
  98:.././hal/stm32f3/stm32f3_hal.c ****   while (HAL_UART_Receive(&UartHandle, &d, 1, 5000) != HAL_OK);
 431              		.loc 1 98 9
 432 0006 00BF     		nop
 433              	.L13:
 434              		.loc 1 98 10 discriminator 1
 435 0008 F91D     		adds	r1, r7, #7
 436 000a 41F28833 		movw	r3, #5000
 437 000e 0122     		movs	r2, #1
 438 0010 0548     		ldr	r0, .L15
 439 0012 FFF7FEFF 		bl	HAL_UART_Receive
 440 0016 0346     		mov	r3, r0
 441              		.loc 1 98 9 discriminator 1
 442 0018 002B     		cmp	r3, #0
 443 001a F5D1     		bne	.L13
  99:.././hal/stm32f3/stm32f3_hal.c ****   return d;
 444              		.loc 1 99 10
 445 001c FB79     		ldrb	r3, [r7, #7]	@ zero_extendqisi2
 100:.././hal/stm32f3/stm32f3_hal.c **** }
 446              		.loc 1 100 1
 447 001e 1846     		mov	r0, r3
 448 0020 0837     		adds	r7, r7, #8
 449              	.LCFI22:
 450              		.cfi_def_cfa_offset 8
 451 0022 BD46     		mov	sp, r7
 452              	.LCFI23:
 453              		.cfi_def_cfa_register 13
 454              		@ sp needed
 455 0024 80BD     		pop	{r7, pc}
 456              	.L16:
 457 0026 00BF     		.align	2
 458              	.L15:
 459 0028 00000000 		.word	UartHandle
 460              		.cfi_endproc
 461              	.LFE131:
 463              		.section	.text.putch,"ax",%progbits
 464              		.align	1
 465              		.global	putch
 466              		.syntax unified
 467              		.thumb
 468              		.thumb_func
 469              		.fpu fpv4-sp-d16
 471              	putch:
 472              	.LFB132:
 101:.././hal/stm32f3/stm32f3_hal.c **** 
 102:.././hal/stm32f3/stm32f3_hal.c **** void putch(char c)
 103:.././hal/stm32f3/stm32f3_hal.c **** {
 473              		.loc 1 103 1
 474              		.cfi_startproc
 475              		@ args = 0, pretend = 0, frame = 16
 476              		@ frame_needed = 1, uses_anonymous_args = 0
 477 0000 80B5     		push	{r7, lr}
 478              	.LCFI24:
 479              		.cfi_def_cfa_offset 8
 480              		.cfi_offset 7, -8
 481              		.cfi_offset 14, -4
 482 0002 84B0     		sub	sp, sp, #16
 483              	.LCFI25:
 484              		.cfi_def_cfa_offset 24
 485 0004 00AF     		add	r7, sp, #0
 486              	.LCFI26:
 487              		.cfi_def_cfa_register 7
 488 0006 0346     		mov	r3, r0
 489 0008 FB71     		strb	r3, [r7, #7]
 104:.././hal/stm32f3/stm32f3_hal.c ****   uint8_t d  = c;
 490              		.loc 1 104 11
 491 000a FB79     		ldrb	r3, [r7, #7]
 492 000c FB73     		strb	r3, [r7, #15]
 105:.././hal/stm32f3/stm32f3_hal.c ****   HAL_UART_Transmit(&UartHandle,  &d, 1, 5000);
 493              		.loc 1 105 3
 494 000e 07F10F01 		add	r1, r7, #15
 495 0012 41F28833 		movw	r3, #5000
 496 0016 0122     		movs	r2, #1
 497 0018 0348     		ldr	r0, .L18
 498 001a FFF7FEFF 		bl	HAL_UART_Transmit
 106:.././hal/stm32f3/stm32f3_hal.c ****         // huart->Instance->TDR = (*pData++ & (uint8_t)0xFFU);
 107:.././hal/stm32f3/stm32f3_hal.c ****   // &UartHandle->Instance->TDR = (&d++ & (uint8_t)0xFFU);
 108:.././hal/stm32f3/stm32f3_hal.c **** }
 499              		.loc 1 108 1
 500 001e 00BF     		nop
 501 0020 1037     		adds	r7, r7, #16
 502              	.LCFI27:
 503              		.cfi_def_cfa_offset 8
 504 0022 BD46     		mov	sp, r7
 505              	.LCFI28:
 506              		.cfi_def_cfa_register 13
 507              		@ sp needed
 508 0024 80BD     		pop	{r7, pc}
 509              	.L19:
 510 0026 00BF     		.align	2
 511              	.L18:
 512 0028 00000000 		.word	UartHandle
 513              		.cfi_endproc
 514              	.LFE132:
 516              		.section	.text.change_err_led,"ax",%progbits
 517              		.align	1
 518              		.global	change_err_led
 519              		.syntax unified
 520              		.thumb
 521              		.thumb_func
 522              		.fpu fpv4-sp-d16
 524              	change_err_led:
 525              	.LFB133:
 109:.././hal/stm32f3/stm32f3_hal.c **** #if (PLATFORM==CWLITEARM)
 110:.././hal/stm32f3/stm32f3_hal.c **** void change_err_led(int x)
 111:.././hal/stm32f3/stm32f3_hal.c **** {
 526              		.loc 1 111 1
 527              		.cfi_startproc
 528              		@ args = 0, pretend = 0, frame = 8
 529              		@ frame_needed = 1, uses_anonymous_args = 0
 530 0000 80B5     		push	{r7, lr}
 531              	.LCFI29:
 532              		.cfi_def_cfa_offset 8
 533              		.cfi_offset 7, -8
 534              		.cfi_offset 14, -4
 535 0002 82B0     		sub	sp, sp, #8
 536              	.LCFI30:
 537              		.cfi_def_cfa_offset 16
 538 0004 00AF     		add	r7, sp, #0
 539              	.LCFI31:
 540              		.cfi_def_cfa_register 7
 541 0006 7860     		str	r0, [r7, #4]
 112:.././hal/stm32f3/stm32f3_hal.c ****     if (x)
 542              		.loc 1 112 8
 543 0008 7B68     		ldr	r3, [r7, #4]
 544 000a 002B     		cmp	r3, #0
 545 000c 06D0     		beq	.L21
 113:.././hal/stm32f3/stm32f3_hal.c ****          HAL_GPIO_WritePin(GPIOC, GPIO_PIN_13, RESET);
 546              		.loc 1 113 10
 547 000e 0022     		movs	r2, #0
 548 0010 4FF40051 		mov	r1, #8192
 549 0014 0648     		ldr	r0, .L24
 550 0016 FFF7FEFF 		bl	HAL_GPIO_WritePin
 114:.././hal/stm32f3/stm32f3_hal.c ****     else
 115:.././hal/stm32f3/stm32f3_hal.c ****          HAL_GPIO_WritePin(GPIOC, GPIO_PIN_13, SET);
 116:.././hal/stm32f3/stm32f3_hal.c **** }
 551              		.loc 1 116 1
 552 001a 05E0     		b	.L23
 553              	.L21:
 115:.././hal/stm32f3/stm32f3_hal.c **** }
 554              		.loc 1 115 10
 555 001c 0122     		movs	r2, #1
 556 001e 4FF40051 		mov	r1, #8192
 557 0022 0348     		ldr	r0, .L24
 558 0024 FFF7FEFF 		bl	HAL_GPIO_WritePin
 559              	.L23:
 560              		.loc 1 116 1
 561 0028 00BF     		nop
 562 002a 0837     		adds	r7, r7, #8
 563              	.LCFI32:
 564              		.cfi_def_cfa_offset 8
 565 002c BD46     		mov	sp, r7
 566              	.LCFI33:
 567              		.cfi_def_cfa_register 13
 568              		@ sp needed
 569 002e 80BD     		pop	{r7, pc}
 570              	.L25:
 571              		.align	2
 572              	.L24:
 573 0030 00080048 		.word	1207961600
 574              		.cfi_endproc
 575              	.LFE133:
 577              		.section	.text.change_ok_led,"ax",%progbits
 578              		.align	1
 579              		.global	change_ok_led
 580              		.syntax unified
 581              		.thumb
 582              		.thumb_func
 583              		.fpu fpv4-sp-d16
 585              	change_ok_led:
 586              	.LFB134:
 117:.././hal/stm32f3/stm32f3_hal.c **** 
 118:.././hal/stm32f3/stm32f3_hal.c **** void change_ok_led(int x)
 119:.././hal/stm32f3/stm32f3_hal.c **** {
 587              		.loc 1 119 1
 588              		.cfi_startproc
 589              		@ args = 0, pretend = 0, frame = 8
 590              		@ frame_needed = 1, uses_anonymous_args = 0
 591 0000 80B5     		push	{r7, lr}
 592              	.LCFI34:
 593              		.cfi_def_cfa_offset 8
 594              		.cfi_offset 7, -8
 595              		.cfi_offset 14, -4
 596 0002 82B0     		sub	sp, sp, #8
 597              	.LCFI35:
 598              		.cfi_def_cfa_offset 16
 599 0004 00AF     		add	r7, sp, #0
 600              	.LCFI36:
 601              		.cfi_def_cfa_register 7
 602 0006 7860     		str	r0, [r7, #4]
 120:.././hal/stm32f3/stm32f3_hal.c ****      if (x)
 603              		.loc 1 120 9
 604 0008 7B68     		ldr	r3, [r7, #4]
 605 000a 002B     		cmp	r3, #0
 606 000c 06D0     		beq	.L27
 121:.././hal/stm32f3/stm32f3_hal.c ****           HAL_GPIO_WritePin(GPIOC, GPIO_PIN_14, RESET);
 607              		.loc 1 121 11
 608 000e 0022     		movs	r2, #0
 609 0010 4FF48041 		mov	r1, #16384
 610 0014 0648     		ldr	r0, .L30
 611 0016 FFF7FEFF 		bl	HAL_GPIO_WritePin
 122:.././hal/stm32f3/stm32f3_hal.c ****      else
 123:.././hal/stm32f3/stm32f3_hal.c ****           HAL_GPIO_WritePin(GPIOC, GPIO_PIN_14, SET);
 124:.././hal/stm32f3/stm32f3_hal.c **** }
 612              		.loc 1 124 1
 613 001a 05E0     		b	.L29
 614              	.L27:
 123:.././hal/stm32f3/stm32f3_hal.c **** }
 615              		.loc 1 123 11
 616 001c 0122     		movs	r2, #1
 617 001e 4FF48041 		mov	r1, #16384
 618 0022 0348     		ldr	r0, .L30
 619 0024 FFF7FEFF 		bl	HAL_GPIO_WritePin
 620              	.L29:
 621              		.loc 1 124 1
 622 0028 00BF     		nop
 623 002a 0837     		adds	r7, r7, #8
 624              	.LCFI37:
 625              		.cfi_def_cfa_offset 8
 626 002c BD46     		mov	sp, r7
 627              	.LCFI38:
 628              		.cfi_def_cfa_register 13
 629              		@ sp needed
 630 002e 80BD     		pop	{r7, pc}
 631              	.L31:
 632              		.align	2
 633              	.L30:
 634 0030 00080048 		.word	1207961600
 635              		.cfi_endproc
 636              	.LFE134:
 638              		.text
 639              	.Letext0:
 640              		.file 2 "c:\\users\\char8\\documents\\gnu-mcu-eclipse-arm-none-eabi-gcc-8.2.1-1.7-20190524-0603-wi
 641              		.file 3 "c:\\users\\char8\\documents\\gnu-mcu-eclipse-arm-none-eabi-gcc-8.2.1-1.7-20190524-0603-wi
 642              		.file 4 ".././hal/stm32f3/CMSIS/core/core_cm4.h"
 643              		.file 5 ".././hal/stm32f3/CMSIS/device/system_stm32f3xx.h"
 644              		.file 6 ".././hal/stm32f3/CMSIS/device/stm32f303xc.h"
 645              		.file 7 "c:\\users\\char8\\documents\\gnu-mcu-eclipse-arm-none-eabi-gcc-8.2.1-1.7-20190524-0603-wi
 646              		.file 8 "c:\\users\\char8\\documents\\gnu-mcu-eclipse-arm-none-eabi-gcc-8.2.1-1.7-20190524-0603-wi
 647              		.file 9 "c:\\users\\char8\\documents\\gnu-mcu-eclipse-arm-none-eabi-gcc-8.2.1-1.7-20190524-0603-wi
 648              		.file 10 "c:\\users\\char8\\documents\\gnu-mcu-eclipse-arm-none-eabi-gcc-8.2.1-1.7-20190524-0603-w
 649              		.file 11 ".././hal/stm32f3/CMSIS/device/stm32f3xx.h"
 650              		.file 12 ".././hal/stm32f3/stm32f3xx_hal_def.h"
 651              		.file 13 ".././hal/stm32f3/stm32f3xx_hal_rcc.h"
 652              		.file 14 ".././hal/stm32f3/stm32f3xx_hal_gpio.h"
 653              		.file 15 ".././hal/stm32f3/stm32f3xx_hal_dma.h"
 654              		.file 16 ".././hal/stm32f3/stm32f3xx_hal_uart.h"
DEFINED SYMBOLS
                            *ABS*:0000000000000000 stm32f3_hal.c
                            *COM*:0000000000000070 UartHandle
C:\Users\char8\AppData\Local\Temp\ccMnq1F0.s:19     .text.platform_init:0000000000000000 $t
C:\Users\char8\AppData\Local\Temp\ccMnq1F0.s:27     .text.platform_init:0000000000000000 platform_init
C:\Users\char8\AppData\Local\Temp\ccMnq1F0.s:137    .text.platform_init:000000000000009c $d
C:\Users\char8\AppData\Local\Temp\ccMnq1F0.s:143    .text.init_uart:0000000000000000 $t
C:\Users\char8\AppData\Local\Temp\ccMnq1F0.s:150    .text.init_uart:0000000000000000 init_uart
C:\Users\char8\AppData\Local\Temp\ccMnq1F0.s:257    .text.init_uart:0000000000000094 $d
C:\Users\char8\AppData\Local\Temp\ccMnq1F0.s:264    .text.trigger_setup:0000000000000000 $t
C:\Users\char8\AppData\Local\Temp\ccMnq1F0.s:271    .text.trigger_setup:0000000000000000 trigger_setup
C:\Users\char8\AppData\Local\Temp\ccMnq1F0.s:336    .text.trigger_setup:0000000000000054 $d
C:\Users\char8\AppData\Local\Temp\ccMnq1F0.s:341    .text.trigger_high:0000000000000000 $t
C:\Users\char8\AppData\Local\Temp\ccMnq1F0.s:348    .text.trigger_high:0000000000000000 trigger_high
C:\Users\char8\AppData\Local\Temp\ccMnq1F0.s:374    .text.trigger_low:0000000000000000 $t
C:\Users\char8\AppData\Local\Temp\ccMnq1F0.s:381    .text.trigger_low:0000000000000000 trigger_low
C:\Users\char8\AppData\Local\Temp\ccMnq1F0.s:407    .text.getch:0000000000000000 $t
C:\Users\char8\AppData\Local\Temp\ccMnq1F0.s:414    .text.getch:0000000000000000 getch
C:\Users\char8\AppData\Local\Temp\ccMnq1F0.s:459    .text.getch:0000000000000028 $d
C:\Users\char8\AppData\Local\Temp\ccMnq1F0.s:464    .text.putch:0000000000000000 $t
C:\Users\char8\AppData\Local\Temp\ccMnq1F0.s:471    .text.putch:0000000000000000 putch
C:\Users\char8\AppData\Local\Temp\ccMnq1F0.s:512    .text.putch:0000000000000028 $d
C:\Users\char8\AppData\Local\Temp\ccMnq1F0.s:517    .text.change_err_led:0000000000000000 $t
C:\Users\char8\AppData\Local\Temp\ccMnq1F0.s:524    .text.change_err_led:0000000000000000 change_err_led
C:\Users\char8\AppData\Local\Temp\ccMnq1F0.s:573    .text.change_err_led:0000000000000030 $d
C:\Users\char8\AppData\Local\Temp\ccMnq1F0.s:578    .text.change_ok_led:0000000000000000 $t
C:\Users\char8\AppData\Local\Temp\ccMnq1F0.s:585    .text.change_ok_led:0000000000000000 change_ok_led
C:\Users\char8\AppData\Local\Temp\ccMnq1F0.s:634    .text.change_ok_led:0000000000000030 $d
                           .group:0000000000000000 wm4.0.4f4e2297610e043bdda5b1ed482d7fb1
                           .group:0000000000000000 wm4._newlib_version.h.4.875b979a44719054cd750d0952ad3fd6
                           .group:0000000000000000 wm4.features.h.33.5bd1eea2d80518b50f7af0b5ce6750e0
                           .group:0000000000000000 wm4._default_types.h.15.247e5cd201eca3442cbf5404108c4935
                           .group:0000000000000000 wm4._intsup.h.10.cce27fed8484c08a33f522034c30d2b5
                           .group:0000000000000000 wm4._stdint.h.10.c24fa3af3bc1706662bb5593a907e841
                           .group:0000000000000000 wm4.stdint.h.23.d53047a68f4a85177f80b422d52785ed
                           .group:0000000000000000 wm4.stm32f3_hal.h.21.46f47e43e35a9e9cfc7f15dfdf04a919
                           .group:0000000000000000 wm4.stm32f3_hal_lowlevel.h.39.a6f46f44567a00836cb5979da34be937
                           .group:0000000000000000 wm4.stm32f3xx.h.57.32e3ce9a5215e97db639d596319edad0
                           .group:0000000000000000 wm4.stm32f303xc.h.53.b114a456ce5f54880070ceb840aa71ce
                           .group:0000000000000000 wm4.core_cm4.h.42.42f38327ee0970d80f60117e6a3ba2b0
                           .group:0000000000000000 wm4.cmsis_gcc.h.36.39970cb43ce4b53c82644a1f9bc2eab9
                           .group:0000000000000000 wm4.core_cm4.h.223.390ff9b0e06949b13520d8b6746f63e8
                           .group:0000000000000000 wm4.stm32f303xc.h.712.da5eb2044d7021b23c0133ead5b40148
                           .group:0000000000000000 wm4.stm32f3xx.h.193.090ea54589f6b52d952fe7881f32e4e8
                           .group:0000000000000000 wm4.stm32_hal_legacy.h.41.a9459936478ffce237bb0355c366536c
                           .group:0000000000000000 wm4.newlib.h.8.2aecb9f3b2dc9d2e83d06d10f0c6ed3e
                           .group:0000000000000000 wm4.ieeefp.h.77.d5685ba212d3ed6e914898d045f873e3
                           .group:0000000000000000 wm4.config.h.220.6cac6a9685cfce5e83c17784171638d9
                           .group:0000000000000000 wm4._ansi.h.31.de524f58584151836e90d8620a16f8e8
                           .group:0000000000000000 wm4.stdio.h.31.7c0e28c411445f3f9c5b11accf882760
                           .group:0000000000000000 wm4.stddef.h.187.2ff233552538c6ff9b8575ca8ea52cb3
                           .group:0000000000000000 wm4.cdefs.h.49.2bf373aedffd8b393ccd11dc057e8547
                           .group:0000000000000000 wm4.stddef.h.39.a231a87e043a95babfd62cebe88e50f8
                           .group:0000000000000000 wm4.stdarg.h.34.3a23a216c0c293b3d2ea2e89281481e6
                           .group:0000000000000000 wm4.lock.h.2.1461d1fff82dffe8bfddc23307f6484f
                           .group:0000000000000000 wm4._types.h.125.5cf8a495f1f7ef36777ad868a1e32068
                           .group:0000000000000000 wm4.stddef.h.161.5349cb105733e8777bfb0cf53c4e3f34
                           .group:0000000000000000 wm4._types.h.184.03611d4f6b5bec9997bcf4279eceba07
                           .group:0000000000000000 wm4.reent.h.17.90c2574d4acdcfce933db5cb09ff35fe
                           .group:0000000000000000 wm4.types.h.40.e8c16e7ec36ba55f133d0616070e25fc
                           .group:0000000000000000 wm4._endian.h.31.65a10590763c3dde1ac4a7f66d7d4891
                           .group:0000000000000000 wm4.endian.h.9.49f3a4695c1b61e8a0808de3c4a106cb
                           .group:0000000000000000 wm4._timeval.h.30.0e8bfd94e85db17dda3286ee81496fe6
                           .group:0000000000000000 wm4.timespec.h.41.d855182eb0e690443ab8651bcedca6e1
                           .group:0000000000000000 wm4.select.h.19.97ca6fd0c752a0f3b6719fd314d361e6
                           .group:0000000000000000 wm4.types.h.69.ed3eae3cf73030a737515151ebcab7a1
                           .group:0000000000000000 wm4.sched.h.22.c60982713a5c428609783c78f9c78d95
                           .group:0000000000000000 wm4._pthreadtypes.h.36.fcee9961c35163dde6267ef772ad1972
                           .group:0000000000000000 wm4.stdio.h.2.4aa87247282eca6c8f36f9de33d8df1a
                           .group:0000000000000000 wm4.stdio.h.81.932d0c162786b883f622b8d05c120c78
                           .group:0000000000000000 wm4.stm32f3xx_hal_def.h.75.656d1f7cd93f1e7a16ec1d4762ba8da0
                           .group:0000000000000000 wm4.stm32f3xx_hal_rcc.h.66.9a98e4880dda185970e1ba01d766e875
                           .group:0000000000000000 wm4.stm32f3xx_hal_rcc_ex.h.40.e8538ff11aa1d49a8d253fcf9f38f9c5
                           .group:0000000000000000 wm4.stm32f3xx_hal_gpio.h.40.3f94abd0521b513956c0d64091392471
                           .group:0000000000000000 wm4.stm32f3xx_hal_gpio_ex.h.40.37db2dc33a814d445179744af089ced6
                           .group:0000000000000000 wm4.stm32f3xx_hal_dma.h.40.d11b90e7439e7b10ed17267b282ffc93
                           .group:0000000000000000 wm4.stm32f3xx_hal_dma_ex.h.40.dbbdaeaaaf2071f9d298ddd8584a74c2
                           .group:0000000000000000 wm4.stm32f3xx_hal_dma.h.425.193b823b7d05a068cc2db35946b94307
                           .group:0000000000000000 wm4.stm32f3xx_hal_uart.h.40.2f270e52bb65f31c33954479efc998fa
                           .group:0000000000000000 wm4.stm32f3xx_hal_uart_ex.h.40.4ff96af662beadf724dce494cf493164

UNDEFINED SYMBOLS
HAL_RCC_OscConfig
HAL_RCC_ClockConfig
HAL_GPIO_Init
HAL_GPIO_WritePin
HAL_UART_Init
HAL_UART_Receive
HAL_UART_Transmit
